WARNING: All log messages before absl::InitializeLog() is called are written to STDERR
I0000 00:00:1787332858.447006  158119 port.cc:153] oneDNN custom operations are on. You may see slightly different numerical results due to floating-point round-off errors from different computation orders. To turn them off, set the environment variable `TF_ENABLE_ONEDNN_OPTS=0`.
I0000 00:00:1787332859.495952  158119 cpu_feature_guard.cc:227] This TensorFlow binary is optimized to use available CPU instructions in performance-critical operations.
To enable the following instructions: AVX2 AVX_VNNI FMA, in other operations, rebuild TensorFlow with the appropriate compiler flags.
WARNING: All log messages before absl::InitializeLog() is called are written to STDERR
I0000 00:00:1787332861.983261  158119 port.cc:153] oneDNN custom operations are on. You may see slightly different numerical results due to floating-point round-off errors from different computation orders. To turn them off, set the environment variable `TF_ENABLE_ONEDNN_OPTS=0`.
Loading training data from /mnt/d/Network Traffic Anomaly Detection journal/anomalycode/data/VeReMi_train_data.csv ...
  train shape: X=(2236367, 32), y=(2236367,), classes=[0, 1, 2, 3, 4, 5, 6, 7, 8, 9, 10, 11, 12, 13, 14, 15, 16, 17, 18, 19]

======================================================================
M9_mlp_no_temporal FOLD 1/5
======================================================================
[fold 1] resampling training fold (1789093 rows)...
[fold 1] resampled 1789093 -> 2119957 rows in 1017.7s (ADASYN fallback to RandomOverSampler for classes [18, 19])
E0000 00:00:1787333886.996007  158119 cuda_platform.cc:52] failed call to cuInit: INTERNAL: CUDA error: Failed call to cuInit: CUDA_ERROR_NO_DEVICE: no CUDA-capable device is detected
[fold 1] training on 2119957 rows...
[fold 1] epoch 1: loss=1.0110 val_loss=0.6310 (49.6s)
[fold 1] epoch 2: loss=0.7774 val_loss=0.5225 (39.9s)
[fold 1] epoch 3: loss=0.7054 val_loss=0.4874 (38.8s)
[fold 1] epoch 4: loss=0.6741 val_loss=0.4695 (36.2s)
[fold 1] epoch 5: loss=0.6502 val_loss=0.4559 (36.5s)
[fold 1] epoch 6: loss=0.6321 val_loss=0.4434 (35.7s)
[fold 1] epoch 7: loss=0.6171 val_loss=0.4343 (36.0s)
[fold 1] epoch 8: loss=0.6052 val_loss=0.4242 (37.3s)
[fold 1] epoch 9: loss=0.5952 val_loss=0.4186 (37.6s)
[fold 1] epoch 10: loss=0.5864 val_loss=0.4165 (36.7s)
[fold 1] epoch 11: loss=0.5793 val_loss=0.4091 (36.7s)
[fold 1] epoch 12: loss=0.5726 val_loss=0.4038 (35.7s)
[fold 1] epoch 13: loss=0.5669 val_loss=0.3999 (36.2s)
[fold 1] epoch 14: loss=0.5615 val_loss=0.3964 (37.9s)
[fold 1] epoch 15: loss=0.5578 val_loss=0.3944 (36.0s)
[fold 1] epoch 16: loss=0.5545 val_loss=0.3922 (35.9s)
[fold 1] epoch 17: loss=0.5518 val_loss=0.3913 (36.0s)
[fold 1] epoch 18: loss=0.5504 val_loss=0.3909 (35.2s)
[fold 1] epoch 19: loss=0.5490 val_loss=0.3903 (35.7s)
[fold 1] epoch 20: loss=0.5494 val_loss=0.4063 (35.4s)
[fold 1] epoch 21: loss=0.5741 val_loss=0.4041 (44.9s)
[fold 1] epoch 22: loss=0.5696 val_loss=0.4019 (36.6s)
[fold 1] epoch 23: loss=0.5658 val_loss=0.3992 (39.1s)
[fold 1] epoch 24: loss=0.5623 val_loss=0.3947 (39.3s)
[fold 1] epoch 25: loss=0.5582 val_loss=0.3921 (41.9s)
[fold 1] epoch 26: loss=0.5553 val_loss=0.3901 (39.9s)
[fold 1] epoch 27: loss=0.5515 val_loss=0.3888 (39.4s)
[fold 1] epoch 28: loss=0.5483 val_loss=0.3817 (37.6s)
[fold 1] epoch 29: loss=0.5452 val_loss=0.3818 (36.3s)
[fold 1] epoch 30: loss=0.5427 val_loss=0.3797 (40.4s)
[fold 1] epoch 31: loss=0.5393 val_loss=0.3758 (47.9s)
[fold 1] epoch 32: loss=0.5367 val_loss=0.3747 (44.8s)
[fold 1] epoch 33: loss=0.5344 val_loss=0.3728 (48.6s)
[fold 1] epoch 34: loss=0.5319 val_loss=0.3743 (55.9s)
[fold 1] epoch 35: loss=0.5291 val_loss=0.3654 (51.2s)
[fold 1] epoch 36: loss=0.5266 val_loss=0.3670 (51.3s)
[fold 1] epoch 37: loss=0.5246 val_loss=0.3664 (39.1s)
[fold 1] epoch 38: loss=0.5218 val_loss=0.3638 (36.5s)
[fold 1] epoch 39: loss=0.5198 val_loss=0.3630 (37.8s)
[fold 1] epoch 40: loss=0.5179 val_loss=0.3610 (36.6s)
[fold 1] epoch 41: loss=0.5154 val_loss=0.3597 (36.6s)
[fold 1] epoch 42: loss=0.5138 val_loss=0.3572 (42.0s)
[fold 1] epoch 43: loss=0.5118 val_loss=0.3550 (57.5s)
[fold 1] epoch 44: loss=0.5092 val_loss=0.3547 (41.9s)
[fold 1] epoch 45: loss=0.5078 val_loss=0.3541 (39.8s)
[fold 1] epoch 46: loss=0.5060 val_loss=0.3529 (42.4s)
[fold 1] epoch 47: loss=0.5043 val_loss=0.3521 (54.9s)
[fold 1] epoch 48: loss=0.5027 val_loss=0.3509 (50.0s)
[fold 1] epoch 49: loss=0.5016 val_loss=0.3498 (40.6s)
[fold 1] epoch 50: loss=0.4999 val_loss=0.3483 (38.7s)
[fold 1] epoch 51: loss=0.4986 val_loss=0.3489 (58.4s)
[fold 1] epoch 52: loss=0.4977 val_loss=0.3463 (38.4s)
[fold 1] epoch 53: loss=0.4964 val_loss=0.3465 (43.1s)
[fold 1] epoch 54: loss=0.4957 val_loss=0.3463 (37.5s)
[fold 1] epoch 55: loss=0.4949 val_loss=0.3461 (36.0s)
[fold 1] epoch 56: loss=0.4946 val_loss=0.3459 (35.9s)
[fold 1] epoch 57: loss=0.4940 val_loss=0.3452 (35.9s)
[fold 1] epoch 58: loss=0.4937 val_loss=0.3451 (35.8s)
[fold 1] epoch 59: loss=0.4938 val_loss=0.3453 (41.2s)
[fold 1] epoch 60: loss=0.4959 val_loss=0.3704 (35.6s)
[fold 1] epoch 61: loss=0.5225 val_loss=0.3589 (35.8s)
[fold 1] epoch 62: loss=0.5221 val_loss=0.3619 (36.0s)
[fold 1] epoch 63: loss=0.5219 val_loss=0.3630 (37.6s)
[fold 1] epoch 64: loss=0.5207 val_loss=0.3606 (36.2s)
[fold 1] epoch 65: loss=0.5200 val_loss=0.3645 (36.1s)
[fold 1] epoch 66: loss=0.5191 val_loss=0.3570 (35.8s)
[fold 1] epoch 67: loss=0.5174 val_loss=0.3600 (36.4s)
[fold 1] epoch 68: loss=0.5174 val_loss=0.3554 (36.3s)
[fold 1] epoch 69: loss=0.5161 val_loss=0.3572 (36.5s)
[fold 1] epoch 70: loss=0.5150 val_loss=0.3544 (36.3s)
[fold 1] epoch 71: loss=0.5143 val_loss=0.3554 (36.7s)
[fold 1] epoch 72: loss=0.5133 val_loss=0.3545 (36.4s)
[fold 1] epoch 73: loss=0.5122 val_loss=0.3531 (36.1s)
[fold 1] epoch 74: loss=0.5115 val_loss=0.3525 (36.5s)
[fold 1] epoch 75: loss=0.5105 val_loss=0.3531 (36.7s)
[fold 1] epoch 76: loss=0.5088 val_loss=0.3521 (36.1s)
[fold 1] epoch 77: loss=0.5084 val_loss=0.3504 (35.2s)
[fold 1] epoch 78: loss=0.5073 val_loss=0.3480 (35.9s)
[fold 1] validation accuracy: 0.7825
[fold 1] done in 68.5 min. macro-recall=0.5955

======================================================================
M9_mlp_no_temporal FOLD 2/5
======================================================================
[fold 2] resampling training fold (1789093 rows)...
[fold 2] resampled 1789093 -> 2119632 rows in 1049.5s (ADASYN fallback to RandomOverSampler for classes [18, 19])
[fold 2] training on 2119632 rows...
[fold 2] epoch 1: loss=1.0087 val_loss=0.6461 (39.4s)
[fold 2] epoch 2: loss=0.7748 val_loss=0.5199 (36.2s)
[fold 2] epoch 3: loss=0.7052 val_loss=0.4963 (36.2s)
[fold 2] epoch 4: loss=0.6729 val_loss=0.4752 (36.5s)
[fold 2] epoch 5: loss=0.6507 val_loss=0.4591 (35.8s)
[fold 2] epoch 6: loss=0.6333 val_loss=0.4467 (35.7s)
[fold 2] epoch 7: loss=0.6189 val_loss=0.4374 (36.5s)
[fold 2] epoch 8: loss=0.6078 val_loss=0.4318 (36.4s)
[fold 2] epoch 9: loss=0.5975 val_loss=0.4254 (35.8s)
[fold 2] epoch 10: loss=0.5888 val_loss=0.4199 (35.9s)
[fold 2] epoch 11: loss=0.5813 val_loss=0.4124 (36.2s)
[fold 2] epoch 12: loss=0.5747 val_loss=0.4081 (35.5s)
[fold 2] epoch 13: loss=0.5688 val_loss=0.4058 (35.5s)
[fold 2] epoch 14: loss=0.5648 val_loss=0.4030 (35.9s)
[fold 2] epoch 15: loss=0.5603 val_loss=0.3993 (36.7s)
[fold 2] epoch 16: loss=0.5573 val_loss=0.3978 (36.1s)
[fold 2] epoch 17: loss=0.5546 val_loss=0.3956 (36.1s)
[fold 2] epoch 18: loss=0.5527 val_loss=0.3956 (35.5s)
[fold 2] epoch 19: loss=0.5520 val_loss=0.3954 (36.0s)
[fold 2] epoch 20: loss=0.5523 val_loss=0.4092 (35.8s)
[fold 2] epoch 21: loss=0.5765 val_loss=0.4096 (35.7s)
[fold 2] epoch 22: loss=0.5716 val_loss=0.4057 (35.7s)
[fold 2] epoch 23: loss=0.5676 val_loss=0.4005 (36.1s)
[fold 2] epoch 24: loss=0.5639 val_loss=0.3978 (35.5s)
[fold 2] epoch 25: loss=0.5597 val_loss=0.3958 (42.3s)
[fold 2] epoch 26: loss=0.5563 val_loss=0.3949 (35.8s)
[fold 2] epoch 27: loss=0.5531 val_loss=0.3906 (36.4s)
[fold 2] epoch 28: loss=0.5504 val_loss=0.3874 (35.4s)
[fold 2] epoch 29: loss=0.5471 val_loss=0.3828 (36.0s)
[fold 2] epoch 30: loss=0.5449 val_loss=0.3841 (35.9s)
[fold 2] epoch 31: loss=0.5407 val_loss=0.3792 (36.0s)
[fold 2] epoch 32: loss=0.5386 val_loss=0.3785 (35.6s)
[fold 2] epoch 33: loss=0.5364 val_loss=0.3802 (35.8s)
[fold 2] epoch 34: loss=0.5337 val_loss=0.3764 (35.6s)
[fold 2] epoch 35: loss=0.5311 val_loss=0.3736 (35.1s)
[fold 2] epoch 36: loss=0.5283 val_loss=0.3749 (35.4s)
[fold 2] epoch 37: loss=0.5266 val_loss=0.3678 (35.4s)
[fold 2] epoch 38: loss=0.5240 val_loss=0.3673 (35.4s)
[fold 2] epoch 39: loss=0.5216 val_loss=0.3645 (35.9s)
[fold 2] epoch 40: loss=0.5201 val_loss=0.3644 (35.9s)
[fold 2] epoch 41: loss=0.5175 val_loss=0.3622 (35.3s)
[fold 2] epoch 42: loss=0.5154 val_loss=0.3615 (35.3s)
[fold 2] epoch 43: loss=0.5140 val_loss=0.3609 (35.0s)
[fold 2] epoch 44: loss=0.5115 val_loss=0.3592 (35.2s)
[fold 2] epoch 45: loss=0.5092 val_loss=0.3547 (34.7s)
[fold 2] epoch 46: loss=0.5080 val_loss=0.3550 (35.0s)
[fold 2] epoch 47: loss=0.5065 val_loss=0.3556 (34.6s)
[fold 2] epoch 48: loss=0.5049 val_loss=0.3535 (35.0s)
[fold 2] epoch 49: loss=0.5035 val_loss=0.3514 (35.0s)
[fold 2] epoch 50: loss=0.5022 val_loss=0.3528 (34.9s)
[fold 2] epoch 51: loss=0.5005 val_loss=0.3519 (35.6s)
[fold 2] epoch 52: loss=0.5000 val_loss=0.3508 (35.5s)
[fold 2] epoch 53: loss=0.4985 val_loss=0.3504 (35.6s)
[fold 2] epoch 54: loss=0.4981 val_loss=0.3501 (35.5s)
[fold 2] epoch 55: loss=0.4972 val_loss=0.3490 (35.5s)
[fold 2] epoch 56: loss=0.4964 val_loss=0.3489 (35.5s)
[fold 2] epoch 57: loss=0.4963 val_loss=0.3487 (35.4s)
[fold 2] epoch 58: loss=0.4960 val_loss=0.3486 (36.3s)
[fold 2] epoch 59: loss=0.4958 val_loss=0.3487 (36.8s)
[fold 2] epoch 60: loss=0.4988 val_loss=0.3712 (35.6s)
[fold 2] epoch 61: loss=0.5244 val_loss=0.3643 (35.7s)
[fold 2] epoch 62: loss=0.5229 val_loss=0.3639 (35.4s)
[fold 2] epoch 63: loss=0.5232 val_loss=0.3657 (35.5s)
[fold 2] epoch 64: loss=0.5225 val_loss=0.3641 (35.3s)
[fold 2] epoch 65: loss=0.5219 val_loss=0.3637 (35.8s)
[fold 2] epoch 66: loss=0.5209 val_loss=0.3660 (35.4s)
[fold 2] epoch 67: loss=0.5196 val_loss=0.3623 (35.6s)
[fold 2] epoch 68: loss=0.5192 val_loss=0.3630 (35.9s)
[fold 2] epoch 69: loss=0.5178 val_loss=0.3572 (35.5s)
[fold 2] epoch 70: loss=0.5167 val_loss=0.3589 (35.8s)
[fold 2] epoch 71: loss=0.5159 val_loss=0.3592 (35.5s)
[fold 2] epoch 72: loss=0.5150 val_loss=0.3574 (35.5s)
[fold 2] epoch 73: loss=0.5138 val_loss=0.3570 (35.7s)
[fold 2] epoch 74: loss=0.5133 val_loss=0.3558 (35.9s)
[fold 2] epoch 75: loss=0.5120 val_loss=0.3517 (36.4s)
[fold 2] epoch 76: loss=0.5110 val_loss=0.3530 (35.9s)
[fold 2] epoch 77: loss=0.5100 val_loss=0.3537 (35.9s)
[fold 2] epoch 78: loss=0.5092 val_loss=0.3528 (35.7s)
[fold 2] validation accuracy: 0.7834
[fold 2] done in 64.2 min. macro-recall=0.5923

======================================================================
M9_mlp_no_temporal FOLD 3/5
======================================================================
[fold 3] resampling training fold (1789094 rows)...
[fold 3] resampled 1789094 -> 2120055 rows in 1038.6s (ADASYN fallback to RandomOverSampler for classes [18, 19])
[fold 3] training on 2120055 rows...
[fold 3] epoch 1: loss=1.0144 val_loss=0.6283 (38.5s)
[fold 3] epoch 2: loss=0.7786 val_loss=0.5249 (35.7s)
[fold 3] epoch 3: loss=0.7066 val_loss=0.4932 (35.9s)
[fold 3] epoch 4: loss=0.6747 val_loss=0.4748 (35.9s)
[fold 3] epoch 5: loss=0.6523 val_loss=0.4617 (36.1s)
[fold 3] epoch 6: loss=0.6344 val_loss=0.4493 (35.6s)
[fold 3] epoch 7: loss=0.6212 val_loss=0.4425 (35.9s)
[fold 3] epoch 8: loss=0.6089 val_loss=0.4328 (35.8s)
[fold 3] epoch 9: loss=0.5984 val_loss=0.4234 (36.0s)
[fold 3] epoch 10: loss=0.5900 val_loss=0.4206 (36.1s)
[fold 3] epoch 11: loss=0.5831 val_loss=0.4125 (36.4s)
[fold 3] epoch 12: loss=0.5758 val_loss=0.4086 (35.2s)
[fold 3] epoch 13: loss=0.5701 val_loss=0.4062 (35.4s)
[fold 3] epoch 14: loss=0.5649 val_loss=0.4011 (35.4s)
[fold 3] epoch 15: loss=0.5610 val_loss=0.3985 (35.5s)
[fold 3] epoch 16: loss=0.5573 val_loss=0.3968 (35.6s)
[fold 3] epoch 17: loss=0.5551 val_loss=0.3952 (35.4s)
[fold 3] epoch 18: loss=0.5529 val_loss=0.3945 (35.5s)
[fold 3] epoch 19: loss=0.5526 val_loss=0.3943 (35.2s)
[fold 3] epoch 20: loss=0.5527 val_loss=0.4064 (35.6s)
[fold 3] epoch 21: loss=0.5765 val_loss=0.4088 (35.5s)
[fold 3] epoch 22: loss=0.5718 val_loss=0.4029 (35.5s)
[fold 3] epoch 23: loss=0.5677 val_loss=0.4005 (35.6s)
[fold 3] epoch 24: loss=0.5636 val_loss=0.3988 (35.3s)
[fold 3] epoch 25: loss=0.5604 val_loss=0.3919 (35.6s)
[fold 3] epoch 26: loss=0.5568 val_loss=0.3916 (35.3s)
[fold 3] epoch 27: loss=0.5532 val_loss=0.3885 (35.6s)
[fold 3] epoch 28: loss=0.5497 val_loss=0.3860 (35.4s)
[fold 3] epoch 29: loss=0.5467 val_loss=0.3817 (35.5s)
[fold 3] epoch 30: loss=0.5431 val_loss=0.3801 (35.4s)
[fold 3] epoch 31: loss=0.5402 val_loss=0.3787 (35.4s)
[fold 3] epoch 32: loss=0.5377 val_loss=0.3776 (35.4s)
[fold 3] epoch 33: loss=0.5351 val_loss=0.3753 (35.9s)
[fold 3] epoch 34: loss=0.5323 val_loss=0.3711 (35.5s)
[fold 3] epoch 35: loss=0.5293 val_loss=0.3714 (35.1s)
[fold 3] epoch 36: loss=0.5267 val_loss=0.3691 (35.3s)
[fold 3] epoch 37: loss=0.5244 val_loss=0.3663 (35.3s)
[fold 3] epoch 38: loss=0.5227 val_loss=0.3648 (35.8s)
[fold 3] epoch 39: loss=0.5196 val_loss=0.3605 (35.3s)
[fold 3] epoch 40: loss=0.5171 val_loss=0.3619 (35.1s)
[fold 3] epoch 41: loss=0.5155 val_loss=0.3595 (35.4s)
[fold 3] epoch 42: loss=0.5134 val_loss=0.3576 (35.4s)
[fold 3] epoch 43: loss=0.5112 val_loss=0.3579 (35.5s)
[fold 3] epoch 44: loss=0.5094 val_loss=0.3562 (35.3s)
[fold 3] epoch 45: loss=0.5074 val_loss=0.3534 (36.9s)
[fold 3] epoch 46: loss=0.5057 val_loss=0.3530 (35.9s)
[fold 3] epoch 47: loss=0.5034 val_loss=0.3509 (35.8s)
[fold 3] epoch 48: loss=0.5023 val_loss=0.3498 (35.6s)
[fold 3] epoch 49: loss=0.5008 val_loss=0.3487 (35.7s)
[fold 3] epoch 50: loss=0.4993 val_loss=0.3489 (35.7s)
[fold 3] epoch 51: loss=0.4980 val_loss=0.3471 (35.3s)
[fold 3] epoch 52: loss=0.4971 val_loss=0.3466 (35.3s)
[fold 3] epoch 53: loss=0.4962 val_loss=0.3465 (35.4s)
[fold 3] epoch 54: loss=0.4947 val_loss=0.3455 (34.8s)
[fold 3] epoch 55: loss=0.4942 val_loss=0.3455 (35.3s)
[fold 3] epoch 56: loss=0.4944 val_loss=0.3449 (34.9s)
[fold 3] epoch 57: loss=0.4935 val_loss=0.3446 (35.5s)
[fold 3] epoch 58: loss=0.4928 val_loss=0.3445 (35.7s)
[fold 3] epoch 59: loss=0.4928 val_loss=0.3445 (35.6s)
[fold 3] epoch 60: loss=0.4957 val_loss=0.3601 (35.5s)
[fold 3] epoch 61: loss=0.5214 val_loss=0.3638 (35.4s)
[fold 3] epoch 62: loss=0.5209 val_loss=0.3609 (35.0s)
[fold 3] epoch 63: loss=0.5203 val_loss=0.3601 (35.5s)
[fold 3] epoch 64: loss=0.5205 val_loss=0.3631 (35.7s)
[fold 3] epoch 65: loss=0.5192 val_loss=0.3611 (35.3s)
[fold 3] epoch 66: loss=0.5180 val_loss=0.3601 (35.8s)
[fold 3] epoch 67: loss=0.5172 val_loss=0.3597 (35.9s)
[fold 3] epoch 68: loss=0.5164 val_loss=0.3586 (35.7s)
[fold 3] epoch 69: loss=0.5158 val_loss=0.3535 (35.8s)
[fold 3] epoch 70: loss=0.5141 val_loss=0.3559 (35.4s)
[fold 3] epoch 71: loss=0.5134 val_loss=0.3534 (35.9s)
[fold 3] epoch 72: loss=0.5131 val_loss=0.3518 (35.4s)
[fold 3] epoch 73: loss=0.5117 val_loss=0.3519 (35.7s)
[fold 3] epoch 74: loss=0.5107 val_loss=0.3547 (35.6s)
[fold 3] epoch 75: loss=0.5094 val_loss=0.3496 (35.4s)
[fold 3] epoch 76: loss=0.5083 val_loss=0.3508 (35.5s)
[fold 3] epoch 77: loss=0.5080 val_loss=0.3513 (35.1s)
[fold 3] epoch 78: loss=0.5063 val_loss=0.3495 (35.7s)
[fold 3] validation accuracy: 0.7830
[fold 3] done in 63.7 min. macro-recall=0.5936

======================================================================
M9_mlp_no_temporal FOLD 4/5
======================================================================
[fold 4] resampling training fold (1789094 rows)...
[fold 4] resampled 1789094 -> 2119829 rows in 1033.1s (ADASYN fallback to RandomOverSampler for classes [18, 19])
[fold 4] training on 2119829 rows...
[fold 4] epoch 1: loss=1.0065 val_loss=0.6312 (39.1s)
[fold 4] epoch 2: loss=0.7756 val_loss=0.5168 (36.4s)
[fold 4] epoch 3: loss=0.7041 val_loss=0.4930 (36.3s)
[fold 4] epoch 4: loss=0.6720 val_loss=0.4757 (36.0s)
[fold 4] epoch 5: loss=0.6500 val_loss=0.4615 (36.2s)
[fold 4] epoch 6: loss=0.6323 val_loss=0.4455 (36.2s)
[fold 4] epoch 7: loss=0.6185 val_loss=0.4385 (36.1s)
[fold 4] epoch 8: loss=0.6068 val_loss=0.4273 (36.5s)
[fold 4] epoch 9: loss=0.5962 val_loss=0.4238 (37.2s)
[fold 4] epoch 10: loss=0.5876 val_loss=0.4167 (36.5s)
[fold 4] epoch 11: loss=0.5799 val_loss=0.4122 (35.6s)
[fold 4] epoch 12: loss=0.5739 val_loss=0.4074 (36.2s)
[fold 4] epoch 13: loss=0.5682 val_loss=0.4032 (36.4s)
[fold 4] epoch 14: loss=0.5631 val_loss=0.4027 (36.5s)
[fold 4] epoch 15: loss=0.5591 val_loss=0.3976 (36.1s)
[fold 4] epoch 16: loss=0.5557 val_loss=0.3970 (36.0s)
[fold 4] epoch 17: loss=0.5534 val_loss=0.3948 (36.1s)
[fold 4] epoch 18: loss=0.5516 val_loss=0.3941 (37.4s)
[fold 4] epoch 19: loss=0.5507 val_loss=0.3938 (36.1s)
[fold 4] epoch 20: loss=0.5508 val_loss=0.4079 (35.8s)
[fold 4] epoch 21: loss=0.5753 val_loss=0.4044 (36.1s)
[fold 4] epoch 22: loss=0.5705 val_loss=0.4039 (36.6s)
[fold 4] epoch 23: loss=0.5660 val_loss=0.3965 (36.0s)
[fold 4] epoch 24: loss=0.5623 val_loss=0.4006 (35.4s)
[fold 4] epoch 25: loss=0.5593 val_loss=0.3944 (35.6s)
[fold 4] epoch 26: loss=0.5550 val_loss=0.3939 (36.2s)
[fold 4] epoch 27: loss=0.5519 val_loss=0.3890 (37.9s)
[fold 4] epoch 28: loss=0.5481 val_loss=0.3858 (36.0s)
[fold 4] epoch 29: loss=0.5460 val_loss=0.3836 (37.6s)
[fold 4] epoch 30: loss=0.5423 val_loss=0.3809 (41.1s)
[fold 4] epoch 31: loss=0.5397 val_loss=0.3792 (38.2s)
[fold 4] epoch 32: loss=0.5368 val_loss=0.3813 (36.8s)
[fold 4] epoch 33: loss=0.5349 val_loss=0.3777 (36.8s)
[fold 4] epoch 34: loss=0.5319 val_loss=0.3738 (37.3s)
[fold 4] epoch 35: loss=0.5297 val_loss=0.3709 (36.7s)
[fold 4] epoch 36: loss=0.5273 val_loss=0.3705 (35.9s)
[fold 4] epoch 37: loss=0.5249 val_loss=0.3688 (35.9s)
[fold 4] epoch 38: loss=0.5226 val_loss=0.3670 (35.6s)
[fold 4] epoch 39: loss=0.5202 val_loss=0.3634 (35.7s)
[fold 4] epoch 40: loss=0.5181 val_loss=0.3630 (35.9s)
[fold 4] epoch 41: loss=0.5160 val_loss=0.3623 (35.9s)
[fold 4] epoch 42: loss=0.5138 val_loss=0.3613 (37.0s)
[fold 4] epoch 43: loss=0.5119 val_loss=0.3602 (36.0s)
[fold 4] epoch 44: loss=0.5099 val_loss=0.3575 (35.7s)
[fold 4] epoch 45: loss=0.5079 val_loss=0.3562 (35.8s)
[fold 4] epoch 46: loss=0.5066 val_loss=0.3562 (35.8s)
[fold 4] epoch 47: loss=0.5044 val_loss=0.3533 (35.5s)
[fold 4] epoch 48: loss=0.5028 val_loss=0.3527 (35.7s)
[fold 4] epoch 49: loss=0.5012 val_loss=0.3514 (35.9s)
[fold 4] epoch 50: loss=0.5005 val_loss=0.3514 (35.6s)
[fold 4] epoch 51: loss=0.4987 val_loss=0.3499 (36.7s)
[fold 4] epoch 52: loss=0.4976 val_loss=0.3487 (35.6s)
[fold 4] epoch 53: loss=0.4966 val_loss=0.3484 (35.2s)
[fold 4] epoch 54: loss=0.4961 val_loss=0.3487 (35.2s)
[fold 4] epoch 55: loss=0.4957 val_loss=0.3480 (35.8s)
[fold 4] epoch 56: loss=0.4951 val_loss=0.3474 (35.1s)
[fold 4] epoch 57: loss=0.4943 val_loss=0.3476 (34.6s)
[fold 4] epoch 58: loss=0.4940 val_loss=0.3473 (35.1s)
[fold 4] epoch 59: loss=0.4933 val_loss=0.3472 (35.2s)
[fold 4] epoch 60: loss=0.4966 val_loss=0.3669 (38.7s)
[fold 4] epoch 61: loss=0.5235 val_loss=0.3637 (39.1s)
[fold 4] epoch 62: loss=0.5219 val_loss=0.3621 (38.3s)
[fold 4] epoch 63: loss=0.5217 val_loss=0.3603 (44.6s)
[fold 4] epoch 64: loss=0.5205 val_loss=0.3645 (38.9s)
[fold 4] epoch 65: loss=0.5197 val_loss=0.3617 (37.6s)
[fold 4] epoch 66: loss=0.5191 val_loss=0.3614 (38.1s)
[fold 4] epoch 67: loss=0.5182 val_loss=0.3605 (40.1s)
[fold 4] epoch 68: loss=0.5176 val_loss=0.3602 (39.4s)
[fold 4] epoch 69: loss=0.5165 val_loss=0.3586 (41.4s)
[fold 4] epoch 70: loss=0.5152 val_loss=0.3572 (35.8s)
[fold 4] epoch 71: loss=0.5148 val_loss=0.3586 (41.2s)
[fold 4] epoch 72: loss=0.5128 val_loss=0.3567 (36.7s)
[fold 4] epoch 73: loss=0.5125 val_loss=0.3524 (35.4s)
[fold 4] epoch 74: loss=0.5118 val_loss=0.3560 (35.6s)
[fold 4] epoch 75: loss=0.5101 val_loss=0.3510 (35.5s)
[fold 4] epoch 76: loss=0.5086 val_loss=0.3510 (34.9s)
[fold 4] epoch 77: loss=0.5081 val_loss=0.3525 (34.7s)
[fold 4] epoch 78: loss=0.5070 val_loss=0.3515 (35.5s)
[fold 4] epoch 79: loss=0.5060 val_loss=0.3538 (35.2s)
[fold 4] validation accuracy: 0.7819
[fold 4] done in 65.6 min. macro-recall=0.5931

======================================================================
M9_mlp_no_temporal FOLD 5/5
======================================================================
[fold 5] resampling training fold (1789094 rows)...
[fold 5] resampled 1789094 -> 2119881 rows in 1044.6s (ADASYN fallback to RandomOverSampler for classes [18, 19])
[fold 5] training on 2119881 rows...
[fold 5] epoch 1: loss=1.0118 val_loss=0.6349 (38.6s)
[fold 5] epoch 2: loss=0.7828 val_loss=0.5276 (37.9s)
[fold 5] epoch 3: loss=0.7082 val_loss=0.4908 (40.0s)
[fold 5] epoch 4: loss=0.6748 val_loss=0.4788 (36.8s)
[fold 5] epoch 5: loss=0.6524 val_loss=0.4598 (36.6s)
[fold 5] epoch 6: loss=0.6350 val_loss=0.4478 (36.9s)
[fold 5] epoch 7: loss=0.6212 val_loss=0.4401 (36.3s)
[fold 5] epoch 8: loss=0.6091 val_loss=0.4323 (37.5s)
[fold 5] epoch 9: loss=0.5996 val_loss=0.4239 (37.9s)
[fold 5] epoch 10: loss=0.5905 val_loss=0.4209 (37.0s)
[fold 5] epoch 11: loss=0.5825 val_loss=0.4134 (37.5s)
[fold 5] epoch 12: loss=0.5761 val_loss=0.4081 (34.5s)
[fold 5] epoch 13: loss=0.5705 val_loss=0.4036 (34.7s)
[fold 5] epoch 14: loss=0.5652 val_loss=0.4024 (34.6s)
[fold 5] epoch 15: loss=0.5609 val_loss=0.3993 (34.7s)
[fold 5] epoch 16: loss=0.5578 val_loss=0.3974 (37.5s)
[fold 5] epoch 17: loss=0.5552 val_loss=0.3952 (38.8s)
[fold 5] epoch 18: loss=0.5535 val_loss=0.3946 (39.1s)
[fold 5] epoch 19: loss=0.5528 val_loss=0.3944 (36.8s)
[fold 5] epoch 20: loss=0.5529 val_loss=0.4056 (35.6s)
[fold 5] epoch 21: loss=0.5758 val_loss=0.4063 (35.8s)
[fold 5] epoch 22: loss=0.5713 val_loss=0.4062 (46.7s)
[fold 5] epoch 23: loss=0.5668 val_loss=0.4014 (39.8s)
[fold 5] epoch 24: loss=0.5629 val_loss=0.3969 (36.5s)
[fold 5] epoch 25: loss=0.5590 val_loss=0.3919 (35.9s)
[fold 5] epoch 26: loss=0.5554 val_loss=0.3896 (35.5s)
[fold 5] epoch 27: loss=0.5518 val_loss=0.3871 (35.4s)
[fold 5] epoch 28: loss=0.5488 val_loss=0.3854 (36.5s)
[fold 5] epoch 29: loss=0.5451 val_loss=0.3812 (38.3s)
[fold 5] epoch 30: loss=0.5420 val_loss=0.3804 (36.9s)
[fold 5] epoch 31: loss=0.5390 val_loss=0.3789 (35.9s)
[fold 5] epoch 32: loss=0.5369 val_loss=0.3789 (34.5s)
[fold 5] epoch 33: loss=0.5341 val_loss=0.3761 (34.8s)
[fold 5] epoch 34: loss=0.5308 val_loss=0.3726 (36.0s)
[fold 5] epoch 35: loss=0.5288 val_loss=0.3708 (43.0s)
[fold 5] epoch 36: loss=0.5258 val_loss=0.3657 (41.4s)
[fold 5] epoch 37: loss=0.5234 val_loss=0.3692 (43.4s)
[fold 5] epoch 38: loss=0.5213 val_loss=0.3648 (36.6s)
[fold 5] epoch 39: loss=0.5191 val_loss=0.3629 (37.5s)
[fold 5] epoch 40: loss=0.5167 val_loss=0.3606 (37.4s)
[fold 5] epoch 41: loss=0.5143 val_loss=0.3612 (35.2s)
[fold 5] epoch 42: loss=0.5118 val_loss=0.3580 (36.1s)
[fold 5] epoch 43: loss=0.5103 val_loss=0.3567 (35.4s)
[fold 5] epoch 44: loss=0.5084 val_loss=0.3565 (36.4s)
[fold 5] epoch 45: loss=0.5060 val_loss=0.3539 (37.2s)
[fold 5] epoch 46: loss=0.5044 val_loss=0.3531 (36.5s)
[fold 5] epoch 47: loss=0.5026 val_loss=0.3503 (35.4s)
[fold 5] epoch 48: loss=0.5014 val_loss=0.3508 (36.7s)
[fold 5] epoch 49: loss=0.4994 val_loss=0.3492 (37.5s)
[fold 5] epoch 50: loss=0.4983 val_loss=0.3480 (38.1s)
[fold 5] epoch 51: loss=0.4968 val_loss=0.3478 (37.8s)
[fold 5] epoch 52: loss=0.4960 val_loss=0.3469 (34.9s)
[fold 5] epoch 53: loss=0.4950 val_loss=0.3464 (35.0s)
[fold 5] epoch 54: loss=0.4941 val_loss=0.3459 (35.5s)
[fold 5] epoch 55: loss=0.4932 val_loss=0.3451 (37.5s)
[fold 5] epoch 56: loss=0.4928 val_loss=0.3452 (35.2s)
[fold 5] epoch 57: loss=0.4925 val_loss=0.3451 (35.2s)
[fold 5] epoch 58: loss=0.4916 val_loss=0.3450 (34.6s)
[fold 5] epoch 59: loss=0.4919 val_loss=0.3449 (35.2s)
[fold 5] epoch 60: loss=0.4946 val_loss=0.3678 (36.4s)
[fold 5] epoch 61: loss=0.5211 val_loss=0.3580 (35.0s)
[fold 5] epoch 62: loss=0.5203 val_loss=0.3649 (45.6s)
[fold 5] epoch 63: loss=0.5201 val_loss=0.3619 (36.9s)
[fold 5] epoch 64: loss=0.5191 val_loss=0.3611 (36.9s)
[fold 5] epoch 65: loss=0.5182 val_loss=0.3617 (43.4s)
[fold 5] epoch 66: loss=0.5174 val_loss=0.3577 (35.6s)
[fold 5] epoch 67: loss=0.5165 val_loss=0.3598 (36.0s)
[fold 5] epoch 68: loss=0.5157 val_loss=0.3559 (40.5s)
[fold 5] epoch 69: loss=0.5148 val_loss=0.3550 (35.1s)
[fold 5] epoch 70: loss=0.5134 val_loss=0.3546 (35.5s)
[fold 5] epoch 71: loss=0.5128 val_loss=0.3533 (34.8s)
[fold 5] epoch 72: loss=0.5112 val_loss=0.3532 (34.6s)
[fold 5] epoch 73: loss=0.5103 val_loss=0.3524 (35.1s)
[fold 5] epoch 74: loss=0.5093 val_loss=0.3512 (34.7s)
[fold 5] epoch 75: loss=0.5085 val_loss=0.3510 (36.9s)
[fold 5] epoch 76: loss=0.5078 val_loss=0.3489 (40.4s)
[fold 5] epoch 77: loss=0.5063 val_loss=0.3516 (34.4s)
[fold 5] epoch 78: loss=0.5051 val_loss=0.3486 (34.4s)
[fold 5] epoch 79: loss=0.5039 val_loss=0.3507 (37.3s)
[fold 5] validation accuracy: 0.7820
[fold 5] done in 66.2 min. macro-recall=0.5941

M9 5-fold complete in 5.47 hours. accuracy=78.26%+-0.07% macro_f1=55.99%+-0.12% macro_recall=59.37%+-0.12%
