WARNING: All log messages before absl::InitializeLog() is called are written to STDERR
I0000 00:00:1786713521.120742   24860 port.cc:153] oneDNN custom operations are on. You may see slightly different numerical results due to floating-point round-off errors from different computation orders. To turn them off, set the environment variable `TF_ENABLE_ONEDNN_OPTS=0`.
WARNING: All log messages before absl::InitializeLog() is called are written to STDERR
I0000 00:00:1786713523.247274   24860 port.cc:153] oneDNN custom operations are on. You may see slightly different numerical results due to floating-point round-off errors from different computation orders. To turn them off, set the environment variable `TF_ENABLE_ONEDNN_OPTS=0`.
Loading training data from D:\Network Traffic Anomaly Detection journal\anomalycode\data\VeReMi_train_data.csv ...
  train shape: X=(2236367, 28), y=(2236367,), classes=[0, 1, 2, 3, 4, 5, 6, 7, 8, 9, 10, 11, 12, 13, 14, 15, 16, 17, 18, 19]

======================================================================
FOLD 1/3
======================================================================
[fold 1] resampling training fold (1490911 rows)...
[fold 1] resampled 1490911 -> 641358 rows in 75.5s (ADASYN fallback to RandomOverSampler for classes [4, 5, 7, 8])
I0000 00:00:1786713610.166993   24860 cpu_feature_guard.cc:227] This TensorFlow binary is optimized to use available CPU instructions in performance-critical operations.
To enable the following instructions: SSE3 SSE4.1 SSE4.2 AVX AVX2 AVX_VNNI FMA, in other operations, rebuild TensorFlow with the appropriate compiler flags.
WARNING:tensorflow:From C:\Users\Katana\AppData\Local\Packages\PythonSoftwareFoundation.Python.3.13_qbz5n2kfra8p0\LocalCache\local-packages\Python313\site-packages\keras\src\backend\tensorflow\core.py:232: The name tf.placeholder is deprecated. Please use tf.compat.v1.placeholder instead.

WARNING:tensorflow:TensorFlow GPU support is not available on native Windows for TensorFlow >= 2.11. Even if CUDA/cuDNN are installed, GPU will not be used. Please use WSL2 or the TensorFlow-DirectML plugin.
[fold 1] training on 641358 rows...
[fold 1] epoch 1: loss=1.5229 val_loss=1.1482 (294.7s)
[fold 1] epoch 2: loss=1.1593 val_loss=0.9978 (281.9s)
[fold 1] epoch 3: loss=1.0850 val_loss=0.9446 (282.5s)
[fold 1] epoch 4: loss=1.0350 val_loss=0.9090 (291.7s)
[fold 1] epoch 5: loss=1.0132 val_loss=0.9034 (284.9s)
[fold 1] epoch 6: loss=1.0050 val_loss=0.8933 (283.7s)
[fold 1] epoch 7: loss=1.0143 val_loss=0.8704 (282.8s)
[fold 1] epoch 8: loss=0.9758 val_loss=0.8630 (286.1s)
[fold 1] epoch 9: loss=0.9549 val_loss=0.8448 (290.0s)
[fold 1] epoch 10: loss=0.9424 val_loss=0.8567 (285.9s)
[fold 1] epoch 11: loss=0.9253 val_loss=0.8313 (288.9s)
[fold 1] epoch 12: loss=0.9130 val_loss=0.8199 (318.7s)
[fold 1] epoch 13: loss=0.9031 val_loss=0.8183 (306.7s)
[fold 1] epoch 14: loss=0.8953 val_loss=0.8181 (303.1s)
[fold 1] epoch 15: loss=0.8890 val_loss=0.8173 (312.0s)
[fold 1] epoch 16: loss=0.8833 val_loss=0.8070 (304.9s)
[fold 1] epoch 17: loss=0.8805 val_loss=0.8122 (311.5s)
[fold 1] epoch 18: loss=0.8798 val_loss=0.8372 (316.8s)
[fold 1] epoch 19: loss=0.9060 val_loss=0.8130 (328.3s)
[fold 1] epoch 20: loss=0.8934 val_loss=0.8004 (326.9s)
[fold 1] epoch 21: loss=0.8860 val_loss=0.8124 (325.3s)
[fold 1] epoch 22: loss=0.8789 val_loss=0.7847 (328.0s)
[fold 1] epoch 23: loss=0.8693 val_loss=0.8302 (322.7s)
[fold 1] epoch 24: loss=0.8749 val_loss=0.7868 (328.4s)
[fold 1] epoch 25: loss=0.8621 val_loss=0.7828 (325.5s)
[fold 1] validation accuracy: 0.4448
[fold 1] done in 129.5 min. macro-recall=0.5282

======================================================================
FOLD 2/3
======================================================================
[fold 2] resampling training fold (1490911 rows)...
[fold 2] resampled 1490911 -> 641359 rows in 86.8s (ADASYN fallback to RandomOverSampler for classes [4, 5, 7, 8])
[fold 2] training on 641359 rows...
[fold 2] epoch 1: loss=1.5210 val_loss=1.0851 (333.2s)
[fold 2] epoch 2: loss=1.1658 val_loss=0.9818 (326.5s)
[fold 2] epoch 3: loss=1.0757 val_loss=0.9450 (329.8s)
[fold 2] epoch 4: loss=1.0310 val_loss=0.8956 (323.3s)
[fold 2] epoch 5: loss=1.0067 val_loss=0.9020 (322.8s)
[fold 2] epoch 6: loss=0.9980 val_loss=0.8832 (334.6s)
[fold 2] epoch 7: loss=1.0081 val_loss=0.9919 (331.3s)
[fold 2] epoch 8: loss=0.9735 val_loss=0.8869 (331.9s)
[fold 2] epoch 9: loss=0.9427 val_loss=0.8642 (332.9s)
[fold 2] epoch 10: loss=0.9260 val_loss=0.8319 (327.2s)
[fold 2] epoch 11: loss=0.9081 val_loss=0.8331 (327.5s)
[fold 2] epoch 12: loss=0.8936 val_loss=0.8285 (333.0s)
[fold 2] epoch 13: loss=0.8843 val_loss=0.8339 (324.7s)
[fold 2] epoch 14: loss=0.8761 val_loss=0.7996 (330.0s)
[fold 2] epoch 15: loss=0.8683 val_loss=0.7897 (328.9s)
[fold 2] epoch 16: loss=0.8632 val_loss=0.7971 (333.4s)
[fold 2] epoch 17: loss=0.8610 val_loss=0.7965 (340.9s)
[fold 2] epoch 18: loss=0.8616 val_loss=0.8673 (336.9s)
[fold 2] epoch 19: loss=0.9034 val_loss=0.7901 (339.8s)
[fold 2] epoch 20: loss=0.8817 val_loss=0.7966 (338.5s)
[fold 2] validation accuracy: 0.4869
[fold 2] done in 113.3 min. macro-recall=0.5208

======================================================================
FOLD 3/3
======================================================================
[fold 3] resampling training fold (1490912 rows)...
[fold 3] resampled 1490912 -> 641359 rows in 100.2s (ADASYN fallback to RandomOverSampler for classes [4, 5, 7, 8])
[fold 3] training on 641359 rows...
[fold 3] epoch 1: loss=1.5583 val_loss=1.1399 (337.4s)
[fold 3] epoch 2: loss=1.2012 val_loss=0.9640 (334.9s)
[fold 3] epoch 3: loss=1.0985 val_loss=0.9306 (373.0s)
[fold 3] epoch 4: loss=1.0621 val_loss=0.9288 (383.2s)
[fold 3] epoch 5: loss=1.0241 val_loss=0.9065 (380.4s)
[fold 3] epoch 6: loss=1.0123 val_loss=0.9651 (384.6s)
[fold 3] epoch 7: loss=1.0289 val_loss=0.8602 (386.6s)
[fold 3] epoch 8: loss=0.9769 val_loss=0.8675 (382.2s)
[fold 3] epoch 9: loss=0.9877 val_loss=0.8860 (373.6s)
[fold 3] epoch 10: loss=0.9492 val_loss=0.8521 (341.1s)
[fold 3] epoch 11: loss=0.9230 val_loss=0.8385 (337.1s)
[fold 3] epoch 12: loss=0.9100 val_loss=0.8241 (334.1s)
[fold 3] epoch 13: loss=0.8976 val_loss=0.8096 (335.6s)
[fold 3] epoch 14: loss=0.8898 val_loss=0.8050 (341.2s)
[fold 3] epoch 15: loss=0.8826 val_loss=0.8145 (339.2s)
[fold 3] epoch 16: loss=0.8776 val_loss=0.8069 (332.7s)
[fold 3] epoch 17: loss=0.8745 val_loss=0.8018 (337.7s)
[fold 3] epoch 18: loss=0.8737 val_loss=0.8132 (337.3s)
[fold 3] epoch 19: loss=0.8967 val_loss=0.8293 (367.9s)
[fold 3] epoch 20: loss=0.8840 val_loss=0.7654 (386.0s)
[fold 3] epoch 21: loss=0.8750 val_loss=0.7870 (375.3s)
[fold 3] epoch 22: loss=0.8641 val_loss=0.7909 (331.0s)
[fold 3] epoch 23: loss=0.8569 val_loss=0.7851 (330.1s)
[fold 3] epoch 24: loss=0.8501 val_loss=0.7675 (328.2s)
[fold 3] epoch 25: loss=0.8462 val_loss=0.7866 (327.9s)
[fold 3] validation accuracy: 0.5744
[fold 3] done in 150.1 min. macro-recall=0.5147

All folds complete in 6.55 hours.
Loading fold models + scalers...
Loading REAL held-out test set...
Loading test data from D:\Network Traffic Anomaly Detection journal\anomalycode\data\VeReMi_test_data.csv ...
  test shape: X=(958441, 28), y=(958441,), classes=[0, 1, 2, 3, 4, 5, 6, 7, 8, 9, 10, 11, 12, 13, 14, 15, 16, 17, 18, 19]
Running ensemble soft-voting inference on the test set...

=== SUMMARY (real numbers, this run) ===
{
  "accuracy_pct": 52.22,
  "macro_precision_pct": 49.17,
  "macro_recall_pct": 53.42,
  "macro_f1_pct": 48.39,
  "weighted_precision_pct": 69.96,
  "weighted_recall_pct": 52.22,
  "weighted_f1_pct": 57.07,
  "false_alarm_rate_benign_pct": 51.883,
  "n_test_samples": 958441,
  "n_folds_in_ensemble": 3,
  "total_trainable_params_all_folds": 422847,
  "inference_latency_ms_per_sample_ensemble": 0.4251
}

Total pipeline time: 6.64 hours
