WARNING: All log messages before absl::InitializeLog() is called are written to STDERR
I0000 00:00:1787093842.131476   51931 port.cc:153] oneDNN custom operations are on. You may see slightly different numerical results due to floating-point round-off errors from different computation orders. To turn them off, set the environment variable `TF_ENABLE_ONEDNN_OPTS=0`.
I0000 00:00:1787093842.868107   51931 cpu_feature_guard.cc:227] This TensorFlow binary is optimized to use available CPU instructions in performance-critical operations.
To enable the following instructions: AVX2 AVX_VNNI FMA, in other operations, rebuild TensorFlow with the appropriate compiler flags.
WARNING: All log messages before absl::InitializeLog() is called are written to STDERR
I0000 00:00:1787093845.609617   51931 port.cc:153] oneDNN custom operations are on. You may see slightly different numerical results due to floating-point round-off errors from different computation orders. To turn them off, set the environment variable `TF_ENABLE_ONEDNN_OPTS=0`.
Loading training data from /mnt/d/Network Traffic Anomaly Detection journal/anomalycode/data/VeReMi_train_data.csv ...
  train shape: X=(2236367, 32), y=(2236367,), classes=[0, 1, 2, 3, 4, 5, 6, 7, 8, 9, 10, 11, 12, 13, 14, 15, 16, 17, 18, 19]

======================================================================
FOLD 1/5
======================================================================
[fold 1] resampling training fold (1789093 rows)...
[fold 1] resampled 1789093 -> 2127888 rows in 1025.7s (ADASYN fallback to RandomOverSampler for classes [18, 19])
I0000 00:00:1787094880.993258   51931 gpu_device.cc:2043] Created device /job:localhost/replica:0/task:0/device:GPU:0 with 5563 MB memory:  -> device: 0, name: NVIDIA GeForce RTX 4060 Laptop GPU, pci bus id: 0000:01:00.0, compute capability: 8.9
[fold 1] training on 2127888 rows...
I0000 00:00:1787094888.554295   52086 cuda_dnn.cc:461] Loaded cuDNN version 92400
[fold 1] epoch 1: loss=0.7201 val_loss=0.3440 (264.4s)
[fold 1] epoch 2: loss=0.4467 val_loss=0.2806 (258.0s)
[fold 1] epoch 3: loss=0.4006 val_loss=0.2606 (259.0s)
[fold 1] epoch 4: loss=0.3743 val_loss=0.2451 (259.0s)
[fold 1] epoch 5: loss=0.3565 val_loss=0.2267 (261.3s)
[fold 1] epoch 6: loss=0.3439 val_loss=0.2218 (259.3s)
[fold 1] epoch 7: loss=0.3322 val_loss=0.2158 (261.5s)
[fold 1] epoch 8: loss=0.3225 val_loss=0.2091 (258.4s)
[fold 1] epoch 9: loss=0.3153 val_loss=0.2020 (259.6s)
[fold 1] epoch 10: loss=0.3083 val_loss=0.1985 (259.8s)
[fold 1] epoch 11: loss=0.3033 val_loss=0.1954 (290.3s)
[fold 1] epoch 12: loss=0.2985 val_loss=0.1947 (261.8s)
[fold 1] epoch 13: loss=0.2945 val_loss=0.1904 (269.0s)
[fold 1] epoch 14: loss=0.2920 val_loss=0.1907 (265.1s)
[fold 1] epoch 15: loss=0.2894 val_loss=0.1901 (261.1s)
[fold 1] epoch 16: loss=0.2875 val_loss=0.1876 (258.9s)
[fold 1] epoch 17: loss=0.2860 val_loss=0.1876 (262.2s)
[fold 1] epoch 18: loss=0.2852 val_loss=0.1866 (263.5s)
[fold 1] epoch 19: loss=0.2848 val_loss=0.1868 (259.7s)
[fold 1] epoch 20: loss=0.2849 val_loss=0.1958 (263.3s)
[fold 1] epoch 21: loss=0.2972 val_loss=0.1953 (260.5s)
[fold 1] epoch 22: loss=0.2890 val_loss=0.1857 (260.9s)
[fold 1] epoch 23: loss=0.2834 val_loss=0.1857 (256.8s)
[fold 1] epoch 24: loss=0.2791 val_loss=0.1795 (258.2s)
[fold 1] epoch 25: loss=0.2749 val_loss=0.1793 (257.5s)
[fold 1] epoch 26: loss=0.2700 val_loss=0.1802 (259.0s)
[fold 1] epoch 27: loss=0.2670 val_loss=0.1791 (256.8s)
[fold 1] epoch 28: loss=0.2632 val_loss=0.1747 (257.5s)
[fold 1] epoch 29: loss=0.2614 val_loss=0.1731 (257.6s)
[fold 1] epoch 30: loss=0.2581 val_loss=0.1740 (255.9s)
[fold 1] epoch 31: loss=0.2557 val_loss=0.1703 (256.9s)
[fold 1] epoch 32: loss=0.2534 val_loss=0.1698 (256.7s)
[fold 1] epoch 33: loss=0.2509 val_loss=0.1676 (257.7s)
[fold 1] epoch 34: loss=0.2493 val_loss=0.1642 (258.7s)
[fold 1] epoch 35: loss=0.2465 val_loss=0.1644 (257.7s)
[fold 1] epoch 36: loss=0.2444 val_loss=0.1613 (256.8s)
[fold 1] epoch 37: loss=0.2429 val_loss=0.1654 (256.1s)
[fold 1] epoch 38: loss=0.2410 val_loss=0.1620 (256.4s)
[fold 1] epoch 39: loss=0.2385 val_loss=0.1653 (260.7s)
[fold 1] epoch 40: loss=0.2372 val_loss=0.1592 (272.8s)
[fold 1] epoch 41: loss=0.2360 val_loss=0.1574 (268.0s)
[fold 1] epoch 42: loss=0.2339 val_loss=0.1573 (262.9s)
[fold 1] epoch 43: loss=0.2327 val_loss=0.1581 (255.6s)
[fold 1] epoch 44: loss=0.2318 val_loss=0.1571 (254.6s)
[fold 1] epoch 45: loss=0.2299 val_loss=0.1563 (257.1s)
[fold 1] epoch 46: loss=0.2289 val_loss=0.1548 (255.9s)
[fold 1] epoch 47: loss=0.2283 val_loss=0.1558 (256.0s)
[fold 1] epoch 48: loss=0.2273 val_loss=0.1547 (256.9s)
[fold 1] epoch 49: loss=0.2259 val_loss=0.1546 (258.0s)
[fold 1] epoch 50: loss=0.2257 val_loss=0.1538 (256.0s)
[fold 1] epoch 51: loss=0.2246 val_loss=0.1539 (255.4s)
[fold 1] epoch 52: loss=0.2252 val_loss=0.1534 (256.3s)
[fold 1] epoch 53: loss=0.2239 val_loss=0.1528 (255.8s)
[fold 1] epoch 54: loss=0.2232 val_loss=0.1521 (255.5s)
[fold 1] epoch 55: loss=0.2227 val_loss=0.1528 (255.7s)
[fold 1] epoch 56: loss=0.2226 val_loss=0.1521 (255.6s)
[fold 1] epoch 57: loss=0.2225 val_loss=0.1517 (258.2s)
[fold 1] epoch 58: loss=0.2222 val_loss=0.1518 (255.0s)
[fold 1] epoch 59: loss=0.2219 val_loss=0.1517 (255.6s)
[fold 1] epoch 60: loss=0.2254 val_loss=0.1725 (254.9s)
[fold 1] epoch 61: loss=0.2418 val_loss=0.1659 (257.2s)
[fold 1] epoch 62: loss=0.2374 val_loss=0.1624 (255.3s)
[fold 1] epoch 63: loss=0.2351 val_loss=0.1635 (257.0s)
[fold 1] epoch 64: loss=0.2332 val_loss=0.1570 (254.1s)
[fold 1] epoch 65: loss=0.2320 val_loss=0.1584 (254.5s)
[fold 1] epoch 66: loss=0.2317 val_loss=0.1595 (280.4s)
[fold 1] epoch 67: loss=0.2302 val_loss=0.1554 (257.4s)
[fold 1] epoch 68: loss=0.2310 val_loss=0.1560 (256.3s)
[fold 1] epoch 69: loss=0.2278 val_loss=0.1553 (256.7s)
[fold 1] epoch 70: loss=0.2265 val_loss=0.1541 (254.9s)
[fold 1] epoch 71: loss=0.2270 val_loss=0.1579 (260.1s)
[fold 1] epoch 72: loss=0.2273 val_loss=0.1543 (255.3s)
[fold 1] epoch 73: loss=0.2253 val_loss=0.1587 (255.3s)
[fold 1] epoch 74: loss=0.2238 val_loss=0.1517 (254.8s)
[fold 1] epoch 75: loss=0.2220 val_loss=0.1534 (256.2s)
[fold 1] epoch 76: loss=0.2225 val_loss=0.1536 (254.2s)
[fold 1] epoch 77: loss=0.2211 val_loss=0.1548 (257.3s)
[fold 1] epoch 78: loss=0.2219 val_loss=0.1514 (254.2s)
[fold 1] epoch 79: loss=0.2197 val_loss=0.1503 (255.9s)
[fold 1] epoch 80: loss=0.2186 val_loss=0.1508 (256.0s)
[fold 1] epoch 81: loss=0.2185 val_loss=0.1500 (260.8s)
[fold 1] epoch 82: loss=0.2182 val_loss=0.1491 (264.8s)
[fold 1] epoch 83: loss=0.2181 val_loss=0.1484 (254.9s)
[fold 1] epoch 84: loss=0.2160 val_loss=0.1464 (254.7s)
[fold 1] epoch 85: loss=0.2161 val_loss=0.1496 (254.6s)
[fold 1] epoch 86: loss=0.2142 val_loss=0.1460 (254.3s)
[fold 1] epoch 87: loss=0.2140 val_loss=0.1494 (254.4s)
[fold 1] epoch 88: loss=0.2130 val_loss=0.1453 (254.8s)
[fold 1] epoch 89: loss=0.2126 val_loss=0.1501 (256.3s)
[fold 1] epoch 90: loss=0.2128 val_loss=0.1480 (253.8s)
[fold 1] epoch 91: loss=0.2120 val_loss=0.1453 (258.3s)
[fold 1] epoch 92: loss=0.2099 val_loss=0.1443 (254.5s)
[fold 1] epoch 93: loss=0.2098 val_loss=0.1461 (254.1s)
[fold 1] epoch 94: loss=0.2088 val_loss=0.1440 (255.5s)
[fold 1] epoch 95: loss=0.2110 val_loss=0.1446 (255.2s)
[fold 1] epoch 96: loss=0.2073 val_loss=0.1416 (255.9s)
[fold 1] epoch 97: loss=0.2071 val_loss=0.1443 (253.9s)
[fold 1] epoch 98: loss=0.2061 val_loss=0.1409 (255.7s)
[fold 1] epoch 99: loss=0.2054 val_loss=0.1458 (254.0s)
[fold 1] epoch 100: loss=0.2050 val_loss=0.1434 (259.9s)
[fold 1] validation accuracy: 0.9134
[fold 1] done in 447.9 min. macro-recall=0.8161

======================================================================
FOLD 2/5
======================================================================
[fold 2] resampling training fold (1789093 rows)...
[fold 2] resampled 1789093 -> 2127794 rows in 1017.7s (ADASYN fallback to RandomOverSampler for classes [18, 19])
[fold 2] training on 2127794 rows...
[fold 2] epoch 1: loss=0.7294 val_loss=0.3459 (256.5s)
[fold 2] epoch 2: loss=0.4508 val_loss=0.2814 (253.3s)
[fold 2] epoch 3: loss=0.4073 val_loss=0.2494 (253.4s)
[fold 2] epoch 4: loss=0.3716 val_loss=0.2341 (255.0s)
[fold 2] epoch 5: loss=0.3516 val_loss=0.2296 (252.9s)
[fold 2] epoch 6: loss=0.3368 val_loss=0.2133 (284.0s)
[fold 2] epoch 7: loss=0.3240 val_loss=0.2065 (256.0s)
[fold 2] epoch 8: loss=0.3145 val_loss=0.2026 (258.8s)
[fold 2] epoch 9: loss=0.3062 val_loss=0.1984 (256.6s)
[fold 2] epoch 10: loss=0.2993 val_loss=0.1964 (255.6s)
[fold 2] epoch 11: loss=0.2941 val_loss=0.1899 (257.6s)
[fold 2] epoch 12: loss=0.2894 val_loss=0.1898 (255.9s)
[fold 2] epoch 13: loss=0.2849 val_loss=0.1853 (258.3s)
[fold 2] epoch 14: loss=0.2821 val_loss=0.1840 (258.7s)
[fold 2] epoch 15: loss=0.2793 val_loss=0.1831 (261.8s)
[fold 2] epoch 16: loss=0.2774 val_loss=0.1815 (267.7s)
[fold 2] epoch 17: loss=0.2761 val_loss=0.1808 (258.1s)
[fold 2] epoch 18: loss=0.2753 val_loss=0.1811 (257.3s)
[fold 2] epoch 19: loss=0.2744 val_loss=0.1807 (257.8s)
[fold 2] epoch 20: loss=0.2750 val_loss=0.1887 (258.9s)
[fold 2] epoch 21: loss=0.2865 val_loss=0.1877 (261.6s)
[fold 2] epoch 22: loss=0.2778 val_loss=0.1806 (260.1s)
[fold 2] epoch 23: loss=0.2708 val_loss=0.1767 (261.7s)
[fold 2] epoch 24: loss=0.2700 val_loss=0.1774 (258.1s)
[fold 2] epoch 25: loss=0.2624 val_loss=0.1726 (258.6s)
[fold 2] epoch 26: loss=0.2580 val_loss=0.1703 (260.8s)
[fold 2] epoch 27: loss=0.2547 val_loss=0.1691 (260.2s)
[fold 2] epoch 28: loss=0.2513 val_loss=0.1664 (260.8s)
[fold 2] epoch 29: loss=0.2481 val_loss=0.1678 (259.4s)
[fold 2] epoch 30: loss=0.2458 val_loss=0.1669 (259.4s)
[fold 2] epoch 31: loss=0.2436 val_loss=0.1624 (260.4s)
[fold 2] epoch 32: loss=0.2411 val_loss=0.1617 (261.0s)
[fold 2] epoch 33: loss=0.2396 val_loss=0.1628 (260.5s)
[fold 2] epoch 34: loss=0.2378 val_loss=0.1584 (292.2s)
[fold 2] epoch 35: loss=0.2352 val_loss=0.1590 (286.8s)
[fold 2] epoch 36: loss=0.2344 val_loss=0.1611 (287.0s)
[fold 2] epoch 37: loss=0.2324 val_loss=0.1585 (296.2s)
[fold 2] epoch 38: loss=0.2314 val_loss=0.1565 (303.9s)
[fold 2] epoch 39: loss=0.2302 val_loss=0.1551 (285.1s)
[fold 2] epoch 40: loss=0.2282 val_loss=0.1541 (284.3s)
[fold 2] epoch 41: loss=0.2266 val_loss=0.1533 (308.4s)
[fold 2] epoch 42: loss=0.2252 val_loss=0.1531 (277.5s)
[fold 2] epoch 43: loss=0.2240 val_loss=0.1518 (267.2s)
[fold 2] epoch 44: loss=0.2235 val_loss=0.1534 (261.2s)
[fold 2] epoch 45: loss=0.2222 val_loss=0.1511 (294.6s)
[fold 2] epoch 46: loss=0.2211 val_loss=0.1509 (294.0s)
[fold 2] epoch 47: loss=0.2202 val_loss=0.1503 (270.7s)
[fold 2] epoch 48: loss=0.2190 val_loss=0.1490 (287.1s)
[fold 2] epoch 49: loss=0.2181 val_loss=0.1494 (307.9s)
[fold 2] epoch 50: loss=0.2177 val_loss=0.1494 (1067.9s)
[fold 2] epoch 51: loss=0.2170 val_loss=0.1481 (1054.1s)
[fold 2] epoch 52: loss=0.2162 val_loss=0.1483 (261.8s)
[fold 2] epoch 53: loss=0.2161 val_loss=0.1479 (259.5s)
[fold 2] epoch 54: loss=0.2153 val_loss=0.1475 (258.1s)
[fold 2] epoch 55: loss=0.2152 val_loss=0.1477 (280.8s)
[fold 2] epoch 56: loss=0.2151 val_loss=0.1476 (280.2s)
[fold 2] epoch 57: loss=0.2145 val_loss=0.1474 (275.9s)
[fold 2] epoch 58: loss=0.2148 val_loss=0.1475 (298.1s)
[fold 2] epoch 59: loss=0.2145 val_loss=0.1474 (284.8s)
[fold 2] epoch 60: loss=0.2162 val_loss=0.1615 (334.2s)
[fold 2] epoch 61: loss=0.2297 val_loss=0.1566 (333.0s)
[fold 2] epoch 62: loss=0.2269 val_loss=0.1560 (311.9s)
[fold 2] epoch 63: loss=0.2257 val_loss=0.1565 (314.2s)
[fold 2] epoch 64: loss=0.2243 val_loss=0.1506 (315.9s)
[fold 2] epoch 65: loss=0.2232 val_loss=0.1516 (288.0s)
[fold 2] epoch 66: loss=0.2217 val_loss=0.1545 (294.2s)
[fold 2] epoch 67: loss=0.2218 val_loss=0.1523 (291.9s)
[fold 2] epoch 68: loss=0.2208 val_loss=0.1507 (281.3s)
[fold 2] epoch 69: loss=0.2194 val_loss=0.1528 (295.6s)
[fold 2] epoch 70: loss=0.2193 val_loss=0.1501 (298.2s)
[fold 2] epoch 71: loss=0.2172 val_loss=0.1501 (293.0s)
[fold 2] epoch 72: loss=0.2170 val_loss=0.1473 (295.3s)
[fold 2] epoch 73: loss=0.2164 val_loss=0.1467 (260.0s)
[fold 2] epoch 74: loss=0.2157 val_loss=0.1482 (261.3s)
[fold 2] epoch 75: loss=0.2149 val_loss=0.1473 (258.3s)
[fold 2] epoch 76: loss=0.2136 val_loss=0.1458 (257.1s)
[fold 2] epoch 77: loss=0.2132 val_loss=0.1443 (261.8s)
[fold 2] epoch 78: loss=0.2120 val_loss=0.1452 (258.6s)
[fold 2] epoch 79: loss=0.2118 val_loss=0.1439 (259.6s)
[fold 2] epoch 80: loss=0.2099 val_loss=0.1469 (260.0s)
[fold 2] epoch 81: loss=0.2096 val_loss=0.1481 (260.1s)
[fold 2] epoch 82: loss=0.2099 val_loss=0.1492 (261.4s)
[fold 2] epoch 83: loss=0.2101 val_loss=0.1421 (259.4s)
[fold 2] epoch 84: loss=0.2073 val_loss=0.1438 (259.1s)
[fold 2] epoch 85: loss=0.2076 val_loss=0.1434 (258.6s)
[fold 2] epoch 86: loss=0.2056 val_loss=0.1430 (259.3s)
[fold 2] epoch 87: loss=0.2051 val_loss=0.1425 (258.2s)
[fold 2] epoch 88: loss=0.2043 val_loss=0.1386 (258.3s)
[fold 2] epoch 89: loss=0.2041 val_loss=0.1406 (259.8s)
[fold 2] epoch 90: loss=0.2041 val_loss=0.1407 (257.7s)
[fold 2] epoch 91: loss=0.2019 val_loss=0.1409 (258.1s)
[fold 2] epoch 92: loss=0.2016 val_loss=0.1383 (259.7s)
[fold 2] epoch 93: loss=0.2014 val_loss=0.1386 (258.4s)
[fold 2] epoch 94: loss=0.2007 val_loss=0.1379 (257.2s)
[fold 2] epoch 95: loss=0.1994 val_loss=0.1363 (259.1s)
[fold 2] epoch 96: loss=0.1989 val_loss=0.1370 (259.1s)
[fold 2] epoch 97: loss=0.1982 val_loss=0.1355 (271.9s)
[fold 2] epoch 98: loss=0.1975 val_loss=0.1354 (263.5s)
[fold 2] epoch 99: loss=0.1971 val_loss=0.1339 (258.0s)
[fold 2] epoch 100: loss=0.1965 val_loss=0.1367 (259.8s)
[fold 2] validation accuracy: 0.9161
[fold 2] done in 495.6 min. macro-recall=0.8206

======================================================================
FOLD 3/5
======================================================================
[fold 3] resampling training fold (1789094 rows)...
[fold 3] resampled 1789094 -> 2126362 rows in 1047.1s (ADASYN fallback to RandomOverSampler for classes [18, 19])
[fold 3] training on 2126362 rows...
[fold 3] epoch 1: loss=0.7303 val_loss=0.3498 (262.9s)
[fold 3] epoch 2: loss=0.4488 val_loss=0.2785 (265.6s)
[fold 3] epoch 3: loss=0.3962 val_loss=0.2529 (261.0s)
[fold 3] epoch 4: loss=0.3677 val_loss=0.2333 (261.1s)
[fold 3] epoch 5: loss=0.3487 val_loss=0.2332 (259.7s)
[fold 3] epoch 6: loss=0.3349 val_loss=0.2175 (258.9s)
[fold 3] epoch 7: loss=0.3247 val_loss=0.2128 (260.3s)
[fold 3] epoch 8: loss=0.3155 val_loss=0.2064 (257.5s)
[fold 3] epoch 9: loss=0.3081 val_loss=0.2029 (261.7s)
[fold 3] epoch 10: loss=0.3016 val_loss=0.2001 (258.6s)
[fold 3] epoch 11: loss=0.2951 val_loss=0.1931 (260.0s)
[fold 3] epoch 12: loss=0.2909 val_loss=0.1898 (258.7s)
[fold 3] epoch 13: loss=0.2873 val_loss=0.1874 (259.2s)
[fold 3] epoch 14: loss=0.2843 val_loss=0.1872 (259.1s)
[fold 3] epoch 15: loss=0.2824 val_loss=0.1851 (258.6s)
[fold 3] epoch 16: loss=0.2807 val_loss=0.1840 (323.3s)
[fold 3] epoch 17: loss=0.2794 val_loss=0.1839 (314.6s)
[fold 3] epoch 18: loss=0.2784 val_loss=0.1831 (297.7s)
[fold 3] epoch 19: loss=0.2781 val_loss=0.1826 (287.6s)
[fold 3] epoch 20: loss=0.2784 val_loss=0.1947 (290.8s)
[fold 3] epoch 21: loss=0.2899 val_loss=0.1849 (287.4s)
[fold 3] epoch 22: loss=0.2828 val_loss=0.1978 (291.8s)
[fold 3] epoch 23: loss=0.2777 val_loss=0.1824 (286.4s)
[fold 3] epoch 24: loss=0.2746 val_loss=0.1801 (286.6s)
[fold 3] epoch 25: loss=0.2711 val_loss=0.1780 (286.8s)
[fold 3] epoch 26: loss=0.2681 val_loss=0.1825 (285.2s)
[fold 3] epoch 27: loss=0.2645 val_loss=0.1741 (287.2s)
[fold 3] epoch 28: loss=0.2624 val_loss=0.1754 (292.3s)
[fold 3] epoch 29: loss=0.2584 val_loss=0.1729 (267.3s)
[fold 3] epoch 30: loss=0.2549 val_loss=0.1717 (265.7s)
[fold 3] epoch 31: loss=0.2531 val_loss=0.1696 (265.9s)
[fold 3] epoch 32: loss=0.2501 val_loss=0.1646 (266.8s)
[fold 3] epoch 33: loss=0.2480 val_loss=0.1647 (264.6s)
[fold 3] epoch 34: loss=0.2459 val_loss=0.1656 (265.3s)
[fold 3] epoch 35: loss=0.2436 val_loss=0.1602 (268.3s)
[fold 3] epoch 36: loss=0.2414 val_loss=0.1615 (265.4s)
[fold 3] epoch 37: loss=0.2393 val_loss=0.1628 (266.9s)
[fold 3] epoch 38: loss=0.2380 val_loss=0.1591 (269.9s)
[fold 3] epoch 39: loss=0.2364 val_loss=0.1590 (268.8s)
[fold 3] epoch 40: loss=0.2350 val_loss=0.1585 (269.2s)
[fold 3] epoch 41: loss=0.2332 val_loss=0.1571 (269.1s)
[fold 3] epoch 42: loss=0.2321 val_loss=0.1577 (267.1s)
[fold 3] epoch 43: loss=0.2306 val_loss=0.1569 (267.4s)
[fold 3] epoch 44: loss=0.2294 val_loss=0.1585 (294.4s)
[fold 3] epoch 45: loss=0.2283 val_loss=0.1548 (269.6s)
[fold 3] epoch 46: loss=0.2276 val_loss=0.1546 (269.7s)
[fold 3] epoch 47: loss=0.2267 val_loss=0.1521 (268.5s)
[fold 3] epoch 48: loss=0.2257 val_loss=0.1536 (267.2s)
[fold 3] epoch 49: loss=0.2245 val_loss=0.1523 (267.9s)
[fold 3] epoch 50: loss=0.2239 val_loss=0.1518 (268.1s)
[fold 3] epoch 51: loss=0.2231 val_loss=0.1525 (269.1s)
[fold 3] epoch 52: loss=0.2229 val_loss=0.1505 (269.5s)
[fold 3] epoch 53: loss=0.2223 val_loss=0.1519 (269.3s)
[fold 3] epoch 54: loss=0.2220 val_loss=0.1509 (269.8s)
[fold 3] epoch 55: loss=0.2215 val_loss=0.1505 (268.3s)
[fold 3] epoch 56: loss=0.2212 val_loss=0.1506 (268.6s)
[fold 3] epoch 57: loss=0.2208 val_loss=0.1502 (268.3s)
[fold 3] epoch 58: loss=0.2208 val_loss=0.1506 (270.3s)
[fold 3] epoch 59: loss=0.2205 val_loss=0.1506 (269.4s)
[fold 3] epoch 60: loss=0.2246 val_loss=0.1671 (270.1s)
[fold 3] epoch 61: loss=0.2372 val_loss=0.1685 (269.2s)
[fold 3] epoch 62: loss=0.2332 val_loss=0.1583 (271.7s)
[fold 3] epoch 63: loss=0.2304 val_loss=0.1598 (271.9s)
[fold 3] epoch 64: loss=0.2299 val_loss=0.1563 (273.2s)
[fold 3] epoch 65: loss=0.2283 val_loss=0.1562 (268.7s)
[fold 3] epoch 66: loss=0.2286 val_loss=0.1557 (269.4s)
[fold 3] epoch 67: loss=0.2265 val_loss=0.1529 (270.2s)
[fold 3] epoch 68: loss=0.2258 val_loss=0.1560 (283.9s)
[fold 3] epoch 69: loss=0.2253 val_loss=0.1559 (272.1s)
[fold 3] epoch 70: loss=0.2229 val_loss=0.1486 (283.8s)
[fold 3] epoch 71: loss=0.2269 val_loss=0.1500 (273.6s)
[fold 3] epoch 72: loss=0.2229 val_loss=0.1544 (278.6s)
[fold 3] epoch 73: loss=0.2242 val_loss=0.1583 (280.4s)
[fold 3] epoch 74: loss=0.2220 val_loss=0.1550 (274.2s)
[fold 3] epoch 75: loss=0.2246 val_loss=0.1525 (294.9s)
[fold 3] epoch 76: loss=0.2178 val_loss=0.1516 (274.7s)
[fold 3] epoch 77: loss=0.2221 val_loss=0.1502 (270.3s)
[fold 3] epoch 78: loss=0.2202 val_loss=0.1533 (270.1s)
[fold 3] epoch 79: loss=0.2176 val_loss=0.1472 (279.5s)
[fold 3] epoch 80: loss=0.2167 val_loss=0.1519 (276.5s)
[fold 3] epoch 81: loss=0.2155 val_loss=0.1460 (273.2s)
[fold 3] epoch 82: loss=0.2160 val_loss=0.1459 (271.1s)
[fold 3] epoch 83: loss=0.2145 val_loss=0.1467 (275.1s)
[fold 3] epoch 84: loss=0.2133 val_loss=0.1544 (310.2s)
[fold 3] epoch 85: loss=0.2123 val_loss=0.1451 (269.3s)
[fold 3] epoch 86: loss=0.2132 val_loss=0.1453 (271.8s)
[fold 3] epoch 87: loss=0.2117 val_loss=0.1437 (270.3s)
[fold 3] epoch 88: loss=0.2112 val_loss=0.1449 (270.6s)
[fold 3] epoch 89: loss=0.2106 val_loss=0.1463 (268.9s)
[fold 3] epoch 90: loss=0.2082 val_loss=0.1425 (268.9s)
[fold 3] epoch 91: loss=0.2079 val_loss=0.1421 (269.5s)
[fold 3] epoch 92: loss=0.2069 val_loss=0.1448 (269.9s)
[fold 3] epoch 93: loss=0.2064 val_loss=0.1416 (269.5s)
[fold 3] epoch 94: loss=0.2063 val_loss=0.1416 (278.6s)
[fold 3] epoch 95: loss=0.2041 val_loss=0.1405 (279.8s)
[fold 3] epoch 96: loss=0.2042 val_loss=0.1391 (269.8s)
[fold 3] epoch 97: loss=0.2029 val_loss=0.1383 (267.9s)
[fold 3] epoch 98: loss=0.2028 val_loss=0.1388 (268.9s)
[fold 3] epoch 99: loss=0.2014 val_loss=0.1380 (270.4s)
[fold 3] epoch 100: loss=0.2000 val_loss=0.1385 (267.6s)
[fold 3] validation accuracy: 0.9187
[fold 3] done in 472.8 min. macro-recall=0.8155

======================================================================
FOLD 4/5
======================================================================
[fold 4] resampling training fold (1789094 rows)...
[fold 4] resampled 1789094 -> 2126712 rows in 1080.7s (ADASYN fallback to RandomOverSampler for classes [18, 19])
[fold 4] training on 2126712 rows...
[fold 4] epoch 1: loss=0.7201 val_loss=0.3441 (268.8s)
[fold 4] epoch 2: loss=0.4435 val_loss=0.2760 (266.3s)
[fold 4] epoch 3: loss=0.3960 val_loss=0.2582 (266.0s)
[fold 4] epoch 4: loss=0.3680 val_loss=0.2387 (268.0s)
[fold 4] epoch 5: loss=0.3520 val_loss=0.2258 (269.2s)
[fold 4] epoch 6: loss=0.3349 val_loss=0.2337 (267.8s)
[fold 4] epoch 7: loss=0.3303 val_loss=0.2134 (268.4s)
[fold 4] epoch 8: loss=0.3186 val_loss=0.2145 (274.7s)
[fold 4] epoch 9: loss=0.3112 val_loss=0.2032 (269.6s)
[fold 4] epoch 10: loss=0.3029 val_loss=0.2025 (290.7s)
[fold 4] epoch 11: loss=0.2975 val_loss=0.1955 (275.3s)
[fold 4] epoch 12: loss=0.2925 val_loss=0.1907 (268.5s)
[fold 4] epoch 13: loss=0.2892 val_loss=0.1914 (265.1s)
[fold 4] epoch 14: loss=0.2855 val_loss=0.1891 (263.0s)
[fold 4] epoch 15: loss=0.2838 val_loss=0.1879 (262.5s)
[fold 4] epoch 16: loss=0.2821 val_loss=0.1869 (263.6s)
[fold 4] epoch 17: loss=0.2804 val_loss=0.1855 (262.1s)
[fold 4] epoch 18: loss=0.2794 val_loss=0.1847 (262.3s)
[fold 4] epoch 19: loss=0.2791 val_loss=0.1847 (261.6s)
[fold 4] epoch 20: loss=0.2796 val_loss=0.1964 (260.0s)
[fold 4] epoch 21: loss=0.2886 val_loss=0.1914 (260.6s)
[fold 4] epoch 22: loss=0.2813 val_loss=0.1932 (276.6s)
[fold 4] epoch 23: loss=0.2765 val_loss=0.1814 (280.3s)
[fold 4] epoch 24: loss=0.2707 val_loss=0.1786 (269.2s)
[fold 4] epoch 25: loss=0.2666 val_loss=0.1782 (287.2s)
[fold 4] epoch 26: loss=0.2636 val_loss=0.1835 (262.4s)
[fold 4] epoch 27: loss=0.2604 val_loss=0.1732 (281.6s)
[fold 4] epoch 28: loss=0.2575 val_loss=0.1731 (320.1s)
[fold 4] epoch 29: loss=0.2557 val_loss=0.1698 (264.2s)
[fold 4] epoch 30: loss=0.2528 val_loss=0.1727 (261.0s)
[fold 4] epoch 31: loss=0.2502 val_loss=0.1656 (260.3s)
[fold 4] epoch 32: loss=0.2482 val_loss=0.1717 (260.5s)
[fold 4] epoch 33: loss=0.2458 val_loss=0.1658 (258.8s)
[fold 4] epoch 34: loss=0.2443 val_loss=0.1657 (258.9s)
[fold 4] epoch 35: loss=0.2417 val_loss=0.1656 (265.6s)
[fold 4] epoch 36: loss=0.2399 val_loss=0.1649 (259.6s)
[fold 4] epoch 37: loss=0.2386 val_loss=0.1608 (259.8s)
[fold 4] epoch 38: loss=0.2357 val_loss=0.1599 (258.2s)
[fold 4] epoch 39: loss=0.2349 val_loss=0.1588 (261.3s)
[fold 4] epoch 40: loss=0.2323 val_loss=0.1599 (260.8s)
[fold 4] epoch 41: loss=0.2318 val_loss=0.1579 (259.5s)
[fold 4] epoch 42: loss=0.2303 val_loss=0.1561 (258.4s)
[fold 4] epoch 43: loss=0.2287 val_loss=0.1594 (261.3s)
[fold 4] epoch 44: loss=0.2280 val_loss=0.1562 (258.2s)
[fold 4] epoch 45: loss=0.2267 val_loss=0.1559 (258.7s)
[fold 4] epoch 46: loss=0.2255 val_loss=0.1539 (258.1s)
[fold 4] epoch 47: loss=0.2242 val_loss=0.1546 (257.5s)
[fold 4] epoch 48: loss=0.2234 val_loss=0.1539 (257.9s)
[fold 4] epoch 49: loss=0.2231 val_loss=0.1531 (269.0s)
[fold 4] epoch 50: loss=0.2219 val_loss=0.1535 (260.1s)
[fold 4] epoch 51: loss=0.2215 val_loss=0.1529 (261.0s)
[fold 4] epoch 52: loss=0.2212 val_loss=0.1525 (257.4s)
[fold 4] epoch 53: loss=0.2201 val_loss=0.1533 (257.9s)
[fold 4] epoch 54: loss=0.2202 val_loss=0.1526 (258.2s)
[fold 4] epoch 55: loss=0.2196 val_loss=0.1523 (257.5s)
[fold 4] epoch 56: loss=0.2190 val_loss=0.1517 (259.4s)
[fold 4] epoch 57: loss=0.2191 val_loss=0.1521 (258.4s)
[fold 4] epoch 58: loss=0.2188 val_loss=0.1517 (258.0s)
[fold 4] epoch 59: loss=0.2189 val_loss=0.1517 (257.7s)
[fold 4] epoch 60: loss=0.2204 val_loss=0.1620 (259.8s)
[fold 4] epoch 61: loss=0.2323 val_loss=0.1703 (256.8s)
[fold 4] epoch 62: loss=0.2309 val_loss=0.1580 (256.4s)
[fold 4] epoch 63: loss=0.2305 val_loss=0.1558 (258.9s)
[fold 4] epoch 64: loss=0.2283 val_loss=0.1559 (255.8s)
[fold 4] epoch 65: loss=0.2284 val_loss=0.1566 (259.3s)
[fold 4] epoch 66: loss=0.2273 val_loss=0.1589 (255.7s)
[fold 4] epoch 67: loss=0.2242 val_loss=0.1530 (256.9s)
[fold 4] epoch 68: loss=0.2256 val_loss=0.1557 (256.8s)
[fold 4] epoch 69: loss=0.2246 val_loss=0.1688 (256.8s)
[fold 4] epoch 70: loss=0.2235 val_loss=0.1525 (257.6s)
[fold 4] epoch 71: loss=0.2213 val_loss=0.1533 (257.4s)
[fold 4] epoch 72: loss=0.2202 val_loss=0.1528 (290.6s)
[fold 4] epoch 73: loss=0.2194 val_loss=0.1526 (257.9s)
[fold 4] epoch 74: loss=0.2207 val_loss=0.1530 (265.0s)
[fold 4] epoch 75: loss=0.2173 val_loss=0.1501 (285.3s)
[fold 4] epoch 76: loss=0.2174 val_loss=0.1508 (269.9s)
[fold 4] epoch 77: loss=0.2161 val_loss=0.1505 (263.3s)
[fold 4] epoch 78: loss=0.2147 val_loss=0.1513 (268.6s)
[fold 4] epoch 79: loss=0.2144 val_loss=0.1517 (319.7s)
[fold 4] epoch 80: loss=0.2141 val_loss=0.1522 (269.3s)
[fold 4] epoch 81: loss=0.2125 val_loss=0.1463 (259.6s)
[fold 4] epoch 82: loss=0.2119 val_loss=0.1465 (257.1s)
[fold 4] epoch 83: loss=0.2116 val_loss=0.1475 (257.0s)
[fold 4] epoch 84: loss=0.2114 val_loss=0.1458 (257.2s)
[fold 4] epoch 85: loss=0.2101 val_loss=0.1444 (274.8s)
[fold 4] epoch 86: loss=0.2085 val_loss=0.1436 (257.2s)
[fold 4] epoch 87: loss=0.2089 val_loss=0.1483 (259.5s)
[fold 4] epoch 88: loss=0.2073 val_loss=0.1464 (256.8s)
[fold 4] epoch 89: loss=0.2066 val_loss=0.1441 (256.8s)
[fold 4] epoch 90: loss=0.2058 val_loss=0.1420 (258.2s)
[fold 4] epoch 91: loss=0.2048 val_loss=0.1422 (256.2s)
[fold 4] epoch 92: loss=0.2052 val_loss=0.1399 (256.7s)
[fold 4] epoch 93: loss=0.2029 val_loss=0.1386 (258.6s)
[fold 4] epoch 94: loss=0.2038 val_loss=0.1407 (257.7s)
[fold 4] epoch 95: loss=0.2024 val_loss=0.1406 (256.7s)
[fold 4] epoch 96: loss=0.2016 val_loss=0.1406 (257.1s)
[fold 4] epoch 97: loss=0.2018 val_loss=0.1404 (256.2s)
[fold 4] epoch 98: loss=0.2019 val_loss=0.1418 (256.0s)
[fold 4] epoch 99: loss=0.1999 val_loss=0.1404 (256.6s)
[fold 4] epoch 100: loss=0.1995 val_loss=0.1380 (255.6s)
[fold 4] validation accuracy: 0.9198
[fold 4] done in 458.1 min. macro-recall=0.8144

======================================================================
FOLD 5/5
======================================================================
[fold 5] resampling training fold (1789094 rows)...
[fold 5] resampled 1789094 -> 2127793 rows in 1052.5s (ADASYN fallback to RandomOverSampler for classes [18, 19])
[fold 5] training on 2127793 rows...
[fold 5] epoch 1: loss=0.7266 val_loss=0.3392 (260.2s)
[fold 5] epoch 2: loss=0.4383 val_loss=0.2760 (258.3s)
[fold 5] epoch 3: loss=0.3907 val_loss=0.2476 (256.7s)
[fold 5] epoch 4: loss=0.3641 val_loss=0.2373 (256.7s)
[fold 5] epoch 5: loss=0.3455 val_loss=0.2294 (257.0s)
[fold 5] epoch 6: loss=0.3316 val_loss=0.2167 (258.4s)
[fold 5] epoch 7: loss=0.3200 val_loss=0.2121 (257.7s)
[fold 5] epoch 8: loss=0.3108 val_loss=0.2043 (257.0s)
[fold 5] epoch 9: loss=0.3035 val_loss=0.1969 (259.5s)
[fold 5] epoch 10: loss=0.2966 val_loss=0.1906 (256.3s)
[fold 5] epoch 11: loss=0.2914 val_loss=0.1883 (258.1s)
[fold 5] epoch 12: loss=0.2869 val_loss=0.1894 (257.0s)
[fold 5] epoch 13: loss=0.2830 val_loss=0.1871 (256.4s)
[fold 5] epoch 14: loss=0.2802 val_loss=0.1853 (290.2s)
[fold 5] epoch 15: loss=0.2775 val_loss=0.1817 (257.4s)
[fold 5] epoch 16: loss=0.2756 val_loss=0.1802 (259.9s)
[fold 5] epoch 17: loss=0.2741 val_loss=0.1820 (269.5s)
[fold 5] epoch 18: loss=0.2731 val_loss=0.1801 (267.6s)
[fold 5] epoch 19: loss=0.2725 val_loss=0.1796 (263.0s)
[fold 5] epoch 20: loss=0.2735 val_loss=0.2040 (267.7s)
[fold 5] epoch 21: loss=0.2838 val_loss=0.1823 (262.3s)
[fold 5] epoch 22: loss=0.2756 val_loss=0.1796 (264.9s)
[fold 5] epoch 23: loss=0.2697 val_loss=0.1851 (261.6s)
[fold 5] epoch 24: loss=0.2653 val_loss=0.1809 (262.3s)
[fold 5] epoch 25: loss=0.2619 val_loss=0.1710 (265.1s)
[fold 5] epoch 26: loss=0.2570 val_loss=0.1697 (264.1s)
[fold 5] epoch 27: loss=0.2540 val_loss=0.1696 (263.9s)
[fold 5] epoch 28: loss=0.2518 val_loss=0.1673 (265.1s)
[fold 5] epoch 29: loss=0.2523 val_loss=0.1673 (269.2s)
[fold 5] epoch 30: loss=0.2475 val_loss=0.1639 (265.3s)
[fold 5] epoch 31: loss=0.2443 val_loss=0.1635 (270.3s)
[fold 5] epoch 32: loss=0.2411 val_loss=0.1614 (267.4s)
[fold 5] epoch 33: loss=0.2394 val_loss=0.1626 (262.4s)
[fold 5] epoch 34: loss=0.2359 val_loss=0.1593 (264.6s)
[fold 5] epoch 35: loss=0.2347 val_loss=0.1580 (265.2s)
[fold 5] epoch 36: loss=0.2320 val_loss=0.1572 (263.7s)
[fold 5] epoch 37: loss=0.2313 val_loss=0.1578 (262.9s)
[fold 5] epoch 38: loss=0.2291 val_loss=0.1585 (262.3s)
[fold 5] epoch 39: loss=0.2277 val_loss=0.1548 (261.9s)
[fold 5] epoch 40: loss=0.2261 val_loss=0.1548 (263.5s)
[fold 5] epoch 41: loss=0.2250 val_loss=0.1526 (267.6s)
[fold 5] epoch 42: loss=0.2238 val_loss=0.1532 (264.1s)
[fold 5] epoch 43: loss=0.2226 val_loss=0.1514 (266.3s)
[fold 5] epoch 44: loss=0.2207 val_loss=0.1514 (265.4s)
[fold 5] epoch 45: loss=0.2201 val_loss=0.1499 (266.4s)
[fold 5] epoch 46: loss=0.2192 val_loss=0.1506 (265.5s)
[fold 5] epoch 47: loss=0.2186 val_loss=0.1486 (265.4s)
[fold 5] epoch 48: loss=0.2176 val_loss=0.1498 (267.4s)
[fold 5] epoch 49: loss=0.2166 val_loss=0.1492 (276.9s)
[fold 5] epoch 50: loss=0.2160 val_loss=0.1482 (265.2s)
[fold 5] epoch 51: loss=0.2154 val_loss=0.1477 (264.3s)
[fold 5] epoch 52: loss=0.2150 val_loss=0.1469 (261.7s)
[fold 5] epoch 53: loss=0.2144 val_loss=0.1473 (264.5s)
[fold 5] epoch 54: loss=0.2141 val_loss=0.1473 (261.2s)
[fold 5] epoch 55: loss=0.2137 val_loss=0.1472 (290.1s)
[fold 5] epoch 56: loss=0.2134 val_loss=0.1473 (266.8s)
[fold 5] epoch 57: loss=0.2131 val_loss=0.1466 (263.7s)
[fold 5] epoch 58: loss=0.2131 val_loss=0.1467 (344.4s)
[fold 5] epoch 59: loss=0.2130 val_loss=0.1467 (264.9s)
[fold 5] epoch 60: loss=0.2151 val_loss=0.1567 (262.3s)
[fold 5] epoch 61: loss=0.2324 val_loss=0.1534 (262.5s)
[fold 5] epoch 62: loss=0.2269 val_loss=0.1534 (263.1s)
[fold 5] epoch 63: loss=0.2274 val_loss=0.1516 (272.3s)
[fold 5] epoch 64: loss=0.2254 val_loss=0.1527 (260.9s)
[fold 5] epoch 65: loss=0.2233 val_loss=0.1512 (261.8s)
[fold 5] epoch 66: loss=0.2260 val_loss=0.1586 (260.7s)
[fold 5] epoch 67: loss=0.2253 val_loss=0.1609 (261.6s)
[fold 5] epoch 68: loss=0.2221 val_loss=0.1478 (264.4s)
[fold 5] epoch 69: loss=0.2194 val_loss=0.1514 (261.4s)
[fold 5] epoch 70: loss=0.2209 val_loss=0.1483 (261.3s)
[fold 5] epoch 71: loss=0.2231 val_loss=0.1502 (262.6s)
[fold 5] epoch 72: loss=0.2220 val_loss=0.1501 (263.2s)
[fold 5] epoch 73: loss=0.2191 val_loss=0.1496 (260.6s)
[fold 5] epoch 74: loss=0.2169 val_loss=0.1494 (261.5s)
[fold 5] epoch 75: loss=0.2175 val_loss=0.1468 (266.7s)
[fold 5] epoch 76: loss=0.2151 val_loss=0.1477 (261.4s)
[fold 5] epoch 77: loss=0.2136 val_loss=0.1483 (260.9s)
[fold 5] validation accuracy: 0.9174
[fold 5] done in 357.7 min. macro-recall=0.8071

All folds complete in 37.20 hours.
Loading fold models + scalers...
Loading REAL held-out test set...
Loading test data from /mnt/d/Network Traffic Anomaly Detection journal/anomalycode/data/VeReMi_test_data.csv ...
  test shape: X=(958441, 32), y=(958441,), classes=[0, 1, 2, 3, 4, 5, 6, 7, 8, 9, 10, 11, 12, 13, 14, 15, 16, 17, 18, 19]
Running ensemble soft-voting inference on the test set...

=== SUMMARY (real numbers, this run) ===
{
  "accuracy_pct": 81.73,
  "macro_precision_pct": 73.51,
  "macro_recall_pct": 68.19,
  "macro_f1_pct": 66.64,
  "weighted_precision_pct": 86.17,
  "weighted_recall_pct": 81.73,
  "weighted_f1_pct": 81.87,
  "false_alarm_rate_benign_pct": 4.354,
  "n_test_samples": 958441,
  "n_folds_in_ensemble": 5,
  "total_trainable_params_all_folds": 704745,
  "inference_latency_ms_per_sample_ensemble": 0.419
}

Total pipeline time: 37.25 hours
