WARNING: All log messages before absl::InitializeLog() is called are written to STDERR
I0000 00:00:1787006998.143272   22354 port.cc:153] oneDNN custom operations are on. You may see slightly different numerical results due to floating-point round-off errors from different computation orders. To turn them off, set the environment variable `TF_ENABLE_ONEDNN_OPTS=0`.
I0000 00:00:1787006998.920253   22354 cpu_feature_guard.cc:227] This TensorFlow binary is optimized to use available CPU instructions in performance-critical operations.
To enable the following instructions: AVX2 AVX_VNNI FMA, in other operations, rebuild TensorFlow with the appropriate compiler flags.
WARNING: All log messages before absl::InitializeLog() is called are written to STDERR
I0000 00:00:1787007001.760044   22354 port.cc:153] oneDNN custom operations are on. You may see slightly different numerical results due to floating-point round-off errors from different computation orders. To turn them off, set the environment variable `TF_ENABLE_ONEDNN_OPTS=0`.
Loading training data from /mnt/d/Network Traffic Anomaly Detection journal/anomalycode/data/VeReMi_train_data.csv ...
  train shape: X=(2236367, 28), y=(2236367,), classes=[0, 1, 2, 3, 4, 5, 6, 7, 8, 9, 10, 11, 12, 13, 14, 15, 16, 17, 18, 19]

[fold 1] already completed in a prior attempt (resume=True) -- skipping, val_accuracy=0.7823861883319844

[fold 2] already completed in a prior attempt (resume=True) -- skipping, val_accuracy=0.7823638306720265

======================================================================
FOLD 3/5
======================================================================
[fold 3] resampling training fold (1789094 rows)...
[fold 3] resampled 1789094 -> 2119406 rows in 983.3s (ADASYN fallback to RandomOverSampler for classes [18, 19])
I0000 00:00:1787008006.104751   22354 gpu_device.cc:2043] Created device /job:localhost/replica:0/task:0/device:GPU:0 with 5563 MB memory:  -> device: 0, name: NVIDIA GeForce RTX 4060 Laptop GPU, pci bus id: 0000:01:00.0, compute capability: 8.9
[fold 3] training on 2119406 rows...
I0000 00:00:1787008013.824662   22476 cuda_dnn.cc:461] Loaded cuDNN version 92400
[fold 3] epoch 1: loss=1.1087 val_loss=0.7283 (231.9s)
[fold 3] epoch 2: loss=0.8606 val_loss=0.5940 (226.2s)
[fold 3] epoch 3: loss=0.7945 val_loss=0.5644 (226.7s)
[fold 3] epoch 4: loss=0.7793 val_loss=0.5495 (227.3s)
[fold 3] epoch 5: loss=0.7333 val_loss=0.5286 (228.5s)
[fold 3] epoch 6: loss=0.7171 val_loss=0.5144 (226.9s)
[fold 3] epoch 7: loss=0.7101 val_loss=0.5145 (226.2s)
[fold 3] epoch 8: loss=0.6922 val_loss=0.5039 (228.0s)
[fold 3] epoch 9: loss=0.6837 val_loss=0.4955 (262.8s)
[fold 3] epoch 10: loss=0.6774 val_loss=0.5003 (238.5s)
[fold 3] epoch 11: loss=0.6709 val_loss=0.4929 (259.5s)
[fold 3] epoch 12: loss=0.6664 val_loss=0.4886 (226.9s)
[fold 3] epoch 13: loss=0.6624 val_loss=0.4876 (226.3s)
[fold 3] epoch 14: loss=0.6594 val_loss=0.4833 (226.9s)
[fold 3] epoch 15: loss=0.6567 val_loss=0.4840 (226.6s)
[fold 3] epoch 16: loss=0.6544 val_loss=0.4801 (252.7s)
[fold 3] epoch 17: loss=0.6532 val_loss=0.4804 (226.6s)
[fold 3] epoch 18: loss=0.6522 val_loss=0.4796 (228.0s)
[fold 3] epoch 19: loss=0.6516 val_loss=0.4798 (227.0s)
[fold 3] epoch 20: loss=0.6523 val_loss=0.5225 (226.7s)
[fold 3] epoch 21: loss=0.6650 val_loss=0.4873 (226.0s)
[fold 3] epoch 22: loss=0.6580 val_loss=0.4816 (226.8s)
[fold 3] epoch 23: loss=0.6519 val_loss=0.4771 (227.7s)
[fold 3] epoch 24: loss=0.6472 val_loss=0.4752 (225.9s)
[fold 3] epoch 25: loss=0.6423 val_loss=0.4792 (234.7s)
[fold 3] epoch 26: loss=0.6384 val_loss=0.4693 (226.4s)
[fold 3] epoch 27: loss=0.6347 val_loss=0.4708 (226.5s)
[fold 3] epoch 28: loss=0.6321 val_loss=0.4659 (226.4s)
[fold 3] epoch 29: loss=0.6780 val_loss=0.4742 (227.0s)
[fold 3] epoch 30: loss=0.6382 val_loss=0.4675 (226.6s)
[fold 3] epoch 31: loss=0.6287 val_loss=0.4667 (227.6s)
[fold 3] epoch 32: loss=0.6239 val_loss=0.4623 (226.6s)
[fold 3] epoch 33: loss=0.6215 val_loss=0.4646 (230.2s)
[fold 3] epoch 34: loss=0.6178 val_loss=0.4593 (228.8s)
[fold 3] epoch 35: loss=0.6158 val_loss=0.4560 (228.5s)
[fold 3] epoch 36: loss=0.6136 val_loss=0.4540 (230.5s)
[fold 3] epoch 37: loss=0.6118 val_loss=0.4551 (227.4s)
[fold 3] epoch 38: loss=0.6091 val_loss=0.4546 (229.4s)
[fold 3] epoch 39: loss=0.6071 val_loss=0.4549 (227.2s)
[fold 3] epoch 40: loss=0.6054 val_loss=0.4501 (229.8s)
[fold 3] epoch 41: loss=0.6036 val_loss=0.4512 (239.2s)
[fold 3] epoch 42: loss=0.6016 val_loss=0.4444 (248.7s)
[fold 3] epoch 43: loss=0.6005 val_loss=0.4481 (245.9s)
[fold 3] epoch 44: loss=0.5982 val_loss=0.4437 (226.2s)
[fold 3] epoch 45: loss=0.5972 val_loss=0.4439 (228.2s)
[fold 3] epoch 46: loss=0.5956 val_loss=0.4413 (228.0s)
[fold 3] epoch 47: loss=0.5944 val_loss=0.4438 (227.0s)
[fold 3] epoch 48: loss=0.5929 val_loss=0.4403 (230.7s)
[fold 3] epoch 49: loss=0.5920 val_loss=0.4410 (227.9s)
[fold 3] epoch 50: loss=0.5911 val_loss=0.4397 (227.0s)
[fold 3] epoch 51: loss=0.5898 val_loss=0.4399 (227.3s)
[fold 3] epoch 52: loss=0.5894 val_loss=0.4405 (229.0s)
[fold 3] epoch 53: loss=0.5893 val_loss=0.4388 (226.1s)
[fold 3] epoch 54: loss=0.5881 val_loss=0.4381 (226.9s)
[fold 3] epoch 55: loss=0.5877 val_loss=0.4389 (228.5s)
[fold 3] epoch 56: loss=0.5875 val_loss=0.4379 (228.9s)
[fold 3] epoch 57: loss=0.5870 val_loss=0.4383 (228.2s)
[fold 3] epoch 58: loss=0.5865 val_loss=0.4380 (228.4s)
[fold 3] epoch 59: loss=0.5866 val_loss=0.4381 (225.2s)
[fold 3] epoch 60: loss=0.5877 val_loss=0.4445 (225.8s)
[fold 3] epoch 61: loss=0.6024 val_loss=0.4506 (226.9s)
[fold 3] epoch 62: loss=0.6009 val_loss=0.4463 (225.2s)
[fold 3] epoch 63: loss=0.5995 val_loss=0.4517 (234.2s)
[fold 3] epoch 64: loss=0.6001 val_loss=0.4560 (245.5s)
[fold 3] epoch 65: loss=0.5978 val_loss=0.4486 (240.9s)
[fold 3] epoch 66: loss=0.5960 val_loss=0.4438 (237.6s)
[fold 3] epoch 67: loss=0.5979 val_loss=0.4472 (231.3s)
[fold 3] epoch 68: loss=0.5930 val_loss=0.4418 (227.6s)
[fold 3] epoch 69: loss=0.5903 val_loss=0.4406 (227.2s)
[fold 3] epoch 70: loss=0.5892 val_loss=0.4441 (231.1s)
[fold 3] epoch 71: loss=0.5908 val_loss=0.4402 (226.3s)
[fold 3] epoch 72: loss=0.5886 val_loss=0.4390 (226.3s)
[fold 3] epoch 73: loss=0.5868 val_loss=0.4372 (250.4s)
[fold 3] epoch 74: loss=0.5839 val_loss=0.4364 (224.5s)
[fold 3] epoch 75: loss=0.5832 val_loss=0.4368 (224.9s)
[fold 3] epoch 76: loss=0.5823 val_loss=0.4371 (225.8s)
[fold 3] epoch 77: loss=0.5799 val_loss=0.4358 (224.3s)
[fold 3] epoch 78: loss=0.5792 val_loss=0.4332 (225.3s)
[fold 3] epoch 79: loss=0.5784 val_loss=0.4304 (225.4s)
[fold 3] epoch 80: loss=0.5764 val_loss=0.4289 (224.8s)
[fold 3] epoch 81: loss=0.5796 val_loss=0.4292 (224.2s)
[fold 3] epoch 82: loss=0.5738 val_loss=0.4290 (224.8s)
[fold 3] epoch 83: loss=0.5723 val_loss=0.4253 (225.0s)
[fold 3] epoch 84: loss=0.5702 val_loss=0.4259 (225.1s)
[fold 3] epoch 85: loss=0.5698 val_loss=0.4249 (225.6s)
[fold 3] epoch 86: loss=0.5681 val_loss=0.4278 (225.7s)
[fold 3] epoch 87: loss=0.5669 val_loss=0.4235 (225.5s)
[fold 3] epoch 88: loss=0.5654 val_loss=0.4238 (224.9s)
[fold 3] epoch 89: loss=0.5649 val_loss=0.4235 (224.6s)
[fold 3] epoch 90: loss=0.5640 val_loss=0.4197 (223.0s)
[fold 3] epoch 91: loss=0.5665 val_loss=0.4263 (224.5s)
[fold 3] epoch 92: loss=0.5624 val_loss=0.4225 (225.9s)
[fold 3] epoch 93: loss=0.5603 val_loss=0.4211 (225.5s)
[fold 3] epoch 94: loss=0.5606 val_loss=0.4198 (243.2s)
[fold 3] epoch 95: loss=0.5605 val_loss=0.4187 (225.8s)
[fold 3] epoch 96: loss=0.5579 val_loss=0.4186 (225.9s)
[fold 3] epoch 97: loss=0.5565 val_loss=0.4162 (224.6s)
[fold 3] epoch 98: loss=0.5559 val_loss=0.4199 (224.3s)
[fold 3] epoch 99: loss=0.5563 val_loss=0.4203 (225.2s)
[fold 3] epoch 100: loss=0.5547 val_loss=0.4177 (226.1s)
[fold 3] validation accuracy: 0.7742
[fold 3] done in 399.0 min. macro-recall=0.5621

======================================================================
FOLD 4/5
======================================================================
[fold 4] resampling training fold (1789094 rows)...
[fold 4] resampled 1789094 -> 2119883 rows in 988.0s (ADASYN fallback to RandomOverSampler for classes [18, 19])
[fold 4] training on 2119883 rows...
[fold 4] epoch 1: loss=1.1079 val_loss=0.6924 (226.2s)
[fold 4] epoch 2: loss=0.8482 val_loss=0.5930 (223.5s)
[fold 4] epoch 3: loss=0.7813 val_loss=0.5503 (225.2s)
[fold 4] epoch 4: loss=0.7460 val_loss=0.5330 (224.9s)
[fold 4] epoch 5: loss=0.7253 val_loss=0.5179 (225.2s)
[fold 4] epoch 6: loss=0.7095 val_loss=0.5095 (224.3s)
[fold 4] epoch 7: loss=0.6962 val_loss=0.5033 (226.9s)
[fold 4] epoch 8: loss=0.6885 val_loss=0.4982 (226.8s)
[fold 4] epoch 9: loss=0.6863 val_loss=0.4918 (224.5s)
[fold 4] epoch 10: loss=0.6743 val_loss=0.4890 (224.0s)
[fold 4] epoch 11: loss=0.6687 val_loss=0.4884 (223.5s)
[fold 4] epoch 12: loss=0.6648 val_loss=0.4807 (224.0s)
[fold 4] epoch 13: loss=0.6606 val_loss=0.4812 (225.1s)
[fold 4] epoch 14: loss=0.6574 val_loss=0.4774 (270.5s)
[fold 4] epoch 15: loss=0.6548 val_loss=0.4782 (279.1s)
[fold 4] epoch 16: loss=0.6532 val_loss=0.4761 (224.1s)
[fold 4] epoch 17: loss=0.6513 val_loss=0.4761 (222.9s)
[fold 4] epoch 18: loss=0.6504 val_loss=0.4757 (224.1s)
[fold 4] epoch 19: loss=0.6498 val_loss=0.4752 (225.6s)
[fold 4] epoch 20: loss=0.6503 val_loss=0.4914 (222.9s)
[fold 4] epoch 21: loss=0.6628 val_loss=0.4791 (224.5s)
[fold 4] epoch 22: loss=0.6564 val_loss=0.4917 (224.2s)
[fold 4] epoch 23: loss=0.6512 val_loss=0.4716 (229.2s)
[fold 4] epoch 24: loss=0.6464 val_loss=0.4760 (224.1s)
[fold 4] epoch 25: loss=0.6420 val_loss=0.4720 (223.3s)
[fold 4] epoch 26: loss=0.6384 val_loss=0.4651 (228.4s)
[fold 4] epoch 27: loss=0.6338 val_loss=0.4711 (250.3s)
[fold 4] epoch 28: loss=0.6306 val_loss=0.4602 (376.8s)
[fold 4] epoch 29: loss=0.6276 val_loss=0.4586 (410.6s)
[fold 4] epoch 30: loss=0.6246 val_loss=0.4557 (399.7s)
[fold 4] epoch 31: loss=0.6221 val_loss=0.4591 (397.2s)
[fold 4] epoch 32: loss=0.6186 val_loss=0.4532 (393.8s)
[fold 4] epoch 33: loss=0.6163 val_loss=0.4518 (393.9s)
[fold 4] epoch 34: loss=0.6135 val_loss=0.4522 (393.7s)
[fold 4] epoch 35: loss=0.6116 val_loss=0.4485 (394.3s)
[fold 4] epoch 36: loss=0.6092 val_loss=0.4456 (404.0s)
[fold 4] epoch 37: loss=0.6068 val_loss=0.4471 (401.1s)
[fold 4] epoch 38: loss=0.6051 val_loss=0.4472 (406.5s)
[fold 4] epoch 39: loss=0.6034 val_loss=0.4460 (405.7s)
[fold 4] epoch 40: loss=0.6012 val_loss=0.4402 (418.7s)
[fold 4] epoch 41: loss=0.5995 val_loss=0.4430 (401.4s)
[fold 4] epoch 42: loss=0.5980 val_loss=0.4395 (398.4s)
[fold 4] epoch 43: loss=0.5958 val_loss=0.4402 (402.5s)
[fold 4] epoch 44: loss=0.5956 val_loss=0.4384 (401.0s)
[fold 4] epoch 45: loss=0.5944 val_loss=0.4382 (400.3s)
[fold 4] epoch 46: loss=0.5924 val_loss=0.4368 (398.1s)
[fold 4] epoch 47: loss=0.5911 val_loss=0.4375 (401.5s)
[fold 4] epoch 48: loss=0.5900 val_loss=0.4385 (402.2s)
[fold 4] epoch 49: loss=0.5892 val_loss=0.4366 (401.6s)
[fold 4] epoch 50: loss=0.5882 val_loss=0.4357 (402.6s)
[fold 4] epoch 51: loss=0.5873 val_loss=0.4337 (415.6s)
[fold 4] epoch 52: loss=0.5868 val_loss=0.4342 (406.8s)
[fold 4] epoch 53: loss=0.5858 val_loss=0.4337 (402.7s)
[fold 4] epoch 54: loss=0.5849 val_loss=0.4337 (408.1s)
[fold 4] epoch 55: loss=0.5849 val_loss=0.4318 (408.4s)
[fold 4] epoch 56: loss=0.5845 val_loss=0.4328 (404.3s)
[fold 4] epoch 57: loss=0.5841 val_loss=0.4326 (404.0s)
[fold 4] epoch 58: loss=0.5839 val_loss=0.4326 (405.7s)
[fold 4] epoch 59: loss=0.5838 val_loss=0.4324 (403.7s)
[fold 4] epoch 60: loss=0.5854 val_loss=0.4508 (412.1s)
[fold 4] epoch 61: loss=0.6013 val_loss=0.4482 (402.8s)
[fold 4] epoch 62: loss=0.6053 val_loss=0.4448 (402.4s)
[fold 4] epoch 63: loss=0.6016 val_loss=0.4462 (406.0s)
[fold 4] epoch 64: loss=0.5969 val_loss=0.4398 (402.0s)
[fold 4] epoch 65: loss=0.5954 val_loss=0.4384 (411.2s)
[fold 4] epoch 66: loss=0.5943 val_loss=0.4409 (403.9s)
[fold 4] epoch 67: loss=0.5916 val_loss=0.4368 (409.5s)
[fold 4] epoch 68: loss=0.5917 val_loss=0.4377 (446.0s)
[fold 4] epoch 69: loss=0.5902 val_loss=0.4357 (423.9s)
[fold 4] epoch 70: loss=0.5896 val_loss=0.4327 (438.3s)
[fold 4] epoch 71: loss=0.5874 val_loss=0.4342 (436.6s)
[fold 4] epoch 72: loss=0.5863 val_loss=0.4372 (444.9s)
[fold 4] epoch 73: loss=0.5840 val_loss=0.4337 (437.0s)
[fold 4] epoch 74: loss=0.5829 val_loss=0.4335 (442.1s)
[fold 4] epoch 75: loss=0.5885 val_loss=0.4390 (438.5s)
[fold 4] validation accuracy: 0.7804
[fold 4] done in 447.3 min. macro-recall=0.5478

======================================================================
FOLD 5/5
======================================================================
[fold 5] resampling training fold (1789094 rows)...
[fold 5] resampled 1789094 -> 2120169 rows in 1310.8s (ADASYN fallback to RandomOverSampler for classes [18, 19])
[fold 5] training on 2120169 rows...
[fold 5] epoch 1: loss=1.1019 val_loss=0.7082 (413.2s)
[fold 5] epoch 2: loss=0.8615 val_loss=0.6015 (412.2s)
[fold 5] epoch 3: loss=0.8081 val_loss=0.5823 (410.2s)
[fold 5] epoch 4: loss=0.7763 val_loss=0.5643 (425.6s)
[fold 5] epoch 5: loss=0.7454 val_loss=0.5381 (406.5s)
[fold 5] epoch 6: loss=0.7341 val_loss=0.5267 (411.4s)
[fold 5] epoch 7: loss=0.7180 val_loss=0.5232 (410.4s)
[fold 5] epoch 8: loss=0.7051 val_loss=0.5087 (406.0s)
[fold 5] epoch 9: loss=0.6966 val_loss=0.5051 (409.8s)
[fold 5] epoch 10: loss=0.6874 val_loss=0.5002 (405.3s)
[fold 5] epoch 11: loss=0.6842 val_loss=0.4992 (405.4s)
[fold 5] epoch 12: loss=0.6776 val_loss=0.4917 (402.2s)
[fold 5] epoch 13: loss=0.6729 val_loss=0.4887 (408.8s)
[fold 5] epoch 14: loss=0.6692 val_loss=0.4880 (401.7s)
[fold 5] epoch 15: loss=0.6668 val_loss=0.4879 (400.0s)
[fold 5] epoch 16: loss=0.6651 val_loss=0.4852 (398.5s)
[fold 5] epoch 17: loss=0.6632 val_loss=0.4844 (415.2s)
[fold 5] epoch 18: loss=0.6619 val_loss=0.4848 (394.8s)
[fold 5] epoch 19: loss=0.6614 val_loss=0.4841 (406.8s)
[fold 5] epoch 20: loss=0.6616 val_loss=0.4914 (411.5s)
[fold 5] epoch 21: loss=0.6700 val_loss=0.4864 (399.8s)
[fold 5] epoch 22: loss=0.6656 val_loss=0.4882 (397.9s)
[fold 5] epoch 23: loss=0.6632 val_loss=0.4800 (398.8s)
[fold 5] epoch 24: loss=0.6550 val_loss=0.4858 (403.5s)
[fold 5] epoch 25: loss=0.6498 val_loss=0.4776 (398.0s)
[fold 5] epoch 26: loss=0.6474 val_loss=0.4709 (398.0s)
[fold 5] epoch 27: loss=0.6422 val_loss=0.4699 (396.9s)
[fold 5] epoch 28: loss=0.6388 val_loss=0.4698 (411.8s)
[fold 5] epoch 29: loss=0.6354 val_loss=0.4648 (401.4s)
[fold 5] epoch 30: loss=0.6326 val_loss=0.4650 (403.5s)
[fold 5] epoch 31: loss=0.6303 val_loss=0.4630 (403.7s)
[fold 5] epoch 32: loss=0.6272 val_loss=0.4602 (402.4s)
[fold 5] epoch 33: loss=0.6242 val_loss=0.4614 (402.8s)
[fold 5] epoch 34: loss=0.6219 val_loss=0.4600 (406.6s)
[fold 5] epoch 35: loss=0.6195 val_loss=0.4607 (410.3s)
[fold 5] epoch 36: loss=0.6176 val_loss=0.4551 (404.2s)
[fold 5] epoch 37: loss=0.6146 val_loss=0.4524 (403.6s)
[fold 5] epoch 38: loss=0.6127 val_loss=0.4526 (415.4s)
[fold 5] epoch 39: loss=0.6118 val_loss=0.4508 (411.8s)
[fold 5] epoch 40: loss=0.6095 val_loss=0.4501 (407.6s)
[fold 5] epoch 41: loss=0.6076 val_loss=0.4454 (442.0s)
[fold 5] epoch 42: loss=0.6064 val_loss=0.4475 (412.3s)
[fold 5] epoch 43: loss=0.6045 val_loss=0.4429 (409.2s)
[fold 5] epoch 44: loss=0.6036 val_loss=0.4467 (413.3s)
[fold 5] epoch 45: loss=0.6015 val_loss=0.4415 (436.3s)
[fold 5] epoch 46: loss=0.6006 val_loss=0.4482 (412.3s)
[fold 5] epoch 47: loss=0.5997 val_loss=0.4439 (409.6s)
[fold 5] epoch 48: loss=0.5981 val_loss=0.4427 (316.2s)
[fold 5] epoch 49: loss=0.5972 val_loss=0.4405 (248.7s)
[fold 5] epoch 50: loss=0.5962 val_loss=0.4412 (234.2s)
[fold 5] epoch 51: loss=0.5957 val_loss=0.4410 (235.0s)
[fold 5] epoch 52: loss=0.5949 val_loss=0.4406 (236.0s)
[fold 5] epoch 53: loss=0.5939 val_loss=0.4389 (237.0s)
[fold 5] epoch 54: loss=0.5937 val_loss=0.4404 (236.1s)
[fold 5] epoch 55: loss=0.5931 val_loss=0.4386 (237.1s)
[fold 5] epoch 56: loss=0.5928 val_loss=0.4395 (236.2s)
[fold 5] epoch 57: loss=0.5927 val_loss=0.4390 (235.8s)
[fold 5] epoch 58: loss=0.5923 val_loss=0.4389 (237.0s)
[fold 5] epoch 59: loss=0.5925 val_loss=0.4390 (237.1s)
[fold 5] epoch 60: loss=0.5939 val_loss=0.4470 (236.8s)
[fold 5] epoch 61: loss=0.6107 val_loss=0.4485 (236.8s)
[fold 5] epoch 62: loss=0.6059 val_loss=0.4534 (262.3s)
[fold 5] epoch 63: loss=0.6048 val_loss=0.4476 (250.0s)
[fold 5] epoch 64: loss=0.6028 val_loss=0.4453 (237.9s)
[fold 5] epoch 65: loss=0.6027 val_loss=0.4466 (236.4s)
[fold 5] epoch 66: loss=0.5997 val_loss=0.4486 (236.6s)
[fold 5] epoch 67: loss=0.5988 val_loss=0.4447 (236.7s)
[fold 5] epoch 68: loss=0.5969 val_loss=0.4398 (238.0s)
[fold 5] epoch 69: loss=0.5951 val_loss=0.4411 (239.8s)
[fold 5] epoch 70: loss=0.5944 val_loss=0.4388 (240.1s)
[fold 5] epoch 71: loss=0.5923 val_loss=0.4386 (238.3s)
[fold 5] epoch 72: loss=0.5918 val_loss=0.4395 (238.4s)
[fold 5] epoch 73: loss=0.5912 val_loss=0.4386 (237.3s)
[fold 5] epoch 74: loss=0.5913 val_loss=0.4369 (236.7s)
[fold 5] epoch 75: loss=0.5874 val_loss=0.4323 (238.6s)
[fold 5] epoch 76: loss=0.5866 val_loss=0.4327 (237.2s)
[fold 5] epoch 77: loss=0.5861 val_loss=0.4372 (237.3s)
[fold 5] epoch 78: loss=0.5847 val_loss=0.4310 (237.8s)
[fold 5] epoch 79: loss=0.5835 val_loss=0.4320 (237.5s)
[fold 5] epoch 80: loss=0.5825 val_loss=0.4331 (236.9s)
[fold 5] epoch 81: loss=0.5809 val_loss=0.4305 (237.8s)
[fold 5] epoch 82: loss=0.5803 val_loss=0.4289 (237.9s)
[fold 5] epoch 83: loss=0.5795 val_loss=0.4331 (237.0s)
[fold 5] epoch 84: loss=0.5779 val_loss=0.4273 (238.9s)
[fold 5] epoch 85: loss=0.5778 val_loss=0.4345 (237.4s)
[fold 5] epoch 86: loss=0.5760 val_loss=0.4310 (243.5s)
[fold 5] epoch 87: loss=0.5751 val_loss=0.4327 (236.3s)
[fold 5] epoch 88: loss=0.5741 val_loss=0.4241 (237.2s)
[fold 5] epoch 89: loss=0.5735 val_loss=0.4251 (237.5s)
[fold 5] epoch 90: loss=0.5728 val_loss=0.4260 (237.0s)
[fold 5] epoch 91: loss=0.5734 val_loss=0.4224 (238.7s)
[fold 5] epoch 92: loss=0.5708 val_loss=0.4259 (237.7s)
[fold 5] epoch 93: loss=0.5691 val_loss=0.4215 (237.3s)
[fold 5] epoch 94: loss=0.5699 val_loss=0.4238 (239.5s)
[fold 5] epoch 95: loss=0.5680 val_loss=0.4246 (237.8s)
[fold 5] epoch 96: loss=0.5671 val_loss=0.4209 (237.0s)
[fold 5] epoch 97: loss=0.5664 val_loss=0.4209 (238.1s)
[fold 5] epoch 98: loss=0.5659 val_loss=0.4197 (238.0s)
[fold 5] epoch 99: loss=0.5643 val_loss=0.4242 (257.5s)
[fold 5] epoch 100: loss=0.5641 val_loss=0.4216 (237.3s)
[fold 5] validation accuracy: 0.7801
[fold 5] done in 553.9 min. macro-recall=0.5557

All folds complete in 23.34 hours.
Loading fold models + scalers...
Loading REAL held-out test set...
Loading test data from /mnt/d/Network Traffic Anomaly Detection journal/anomalycode/data/VeReMi_test_data.csv ...
  test shape: X=(958441, 28), y=(958441,), classes=[0, 1, 2, 3, 4, 5, 6, 7, 8, 9, 10, 11, 12, 13, 14, 15, 16, 17, 18, 19]
Running ensemble soft-voting inference on the test set...

=== SUMMARY (real numbers, this run) ===
{
  "accuracy_pct": 79.61,
  "macro_precision_pct": 64.1,
  "macro_recall_pct": 56.6,
  "macro_f1_pct": 55.17,
  "weighted_precision_pct": 75.77,
  "weighted_recall_pct": 79.61,
  "weighted_f1_pct": 74.55,
  "false_alarm_rate_benign_pct": 2.734,
  "n_test_samples": 958441,
  "n_folds_in_ensemble": 5,
  "total_trainable_params_all_folds": 704745,
  "inference_latency_ms_per_sample_ensemble": 0.4305
}

Total pipeline time: 23.38 hours
