WARNING: All log messages before absl::InitializeLog() is called are written to STDERR
I0000 00:00:1786872411.685936    2726 port.cc:153] oneDNN custom operations are on. You may see slightly different numerical results due to floating-point round-off errors from different computation orders. To turn them off, set the environment variable `TF_ENABLE_ONEDNN_OPTS=0`.
I0000 00:00:1786872411.742685    2726 cpu_feature_guard.cc:227] This TensorFlow binary is optimized to use available CPU instructions in performance-critical operations.
To enable the following instructions: AVX2 AVX_VNNI FMA, in other operations, rebuild TensorFlow with the appropriate compiler flags.
WARNING: All log messages before absl::InitializeLog() is called are written to STDERR
I0000 00:00:1786872413.729963    2726 port.cc:153] oneDNN custom operations are on. You may see slightly different numerical results due to floating-point round-off errors from different computation orders. To turn them off, set the environment variable `TF_ENABLE_ONEDNN_OPTS=0`.
Loading training data from /mnt/d/Network Traffic Anomaly Detection journal/anomalycode/data/VeReMi_train_data.csv ...
  train shape: X=(2236367, 28), y=(2236367,), classes=[0, 1, 2, 3, 4, 5, 6, 7, 8, 9, 10, 11, 12, 13, 14, 15, 16, 17, 18, 19]

======================================================================
FOLD 1/5
======================================================================
[fold 1] resampling training fold (1789093 rows)...
[fold 1] resampled 1789093 -> 2120046 rows in 1028.5s (ADASYN fallback to RandomOverSampler for classes [18, 19])
I0000 00:00:1786873471.051389    2726 gpu_device.cc:2043] Created device /job:localhost/replica:0/task:0/device:GPU:0 with 5563 MB memory:  -> device: 0, name: NVIDIA GeForce RTX 4060 Laptop GPU, pci bus id: 0000:01:00.0, compute capability: 8.9
[fold 1] training on 2120046 rows...
I0000 00:00:1786873478.739184    2875 cuda_dnn.cc:461] Loaded cuDNN version 92400
W0000 00:00:1786873482.087288    2869 bfc_allocator.cc:311] Allocator (GPU_0_bfc) ran out of memory trying to allocate 6.54GiB with freed_by_count=0. The caller indicates that this is not a failure, but this may mean that there could be performance gains if more memory were available.
W0000 00:00:1786873633.306252    2865 bfc_allocator.cc:311] Allocator (GPU_0_bfc) ran out of memory trying to allocate 5.20GiB with freed_by_count=0. The caller indicates that this is not a failure, but this may mean that there could be performance gains if more memory were available.
[fold 1] epoch 1: loss=1.2165 val_loss=1.7388 (168.9s)
[fold 1] epoch 2: loss=0.9168 val_loss=0.7009 (159.6s)
[fold 1] epoch 3: loss=0.8334 val_loss=0.5901 (159.7s)
[fold 1] epoch 4: loss=0.7899 val_loss=0.5626 (160.7s)
[fold 1] epoch 5: loss=0.7620 val_loss=0.5465 (160.1s)
[fold 1] epoch 6: loss=0.7425 val_loss=0.5357 (159.6s)
[fold 1] epoch 7: loss=0.7289 val_loss=0.5224 (161.5s)
[fold 1] epoch 8: loss=0.7167 val_loss=0.5214 (172.7s)
[fold 1] epoch 9: loss=0.7075 val_loss=0.5096 (165.9s)
[fold 1] epoch 10: loss=0.7003 val_loss=0.5051 (162.2s)
[fold 1] epoch 11: loss=0.6943 val_loss=0.5054 (159.9s)
[fold 1] epoch 12: loss=0.6898 val_loss=0.5028 (160.2s)
[fold 1] epoch 13: loss=0.6854 val_loss=0.4996 (161.2s)
[fold 1] epoch 14: loss=0.6823 val_loss=0.4970 (161.4s)
[fold 1] epoch 15: loss=0.6796 val_loss=0.4941 (161.5s)
[fold 1] epoch 16: loss=0.6777 val_loss=0.4927 (161.3s)
[fold 1] epoch 17: loss=0.6765 val_loss=0.4929 (161.3s)
[fold 1] epoch 18: loss=0.6753 val_loss=0.4921 (159.7s)
[fold 1] epoch 19: loss=0.6751 val_loss=0.4922 (164.3s)
[fold 1] epoch 20: loss=0.6757 val_loss=0.5017 (199.1s)
[fold 1] epoch 21: loss=0.6845 val_loss=0.4973 (147.0s)
[fold 1] epoch 22: loss=0.6759 val_loss=0.4910 (155.8s)
[fold 1] epoch 23: loss=0.6689 val_loss=0.4866 (145.6s)
[fold 1] epoch 24: loss=0.6628 val_loss=0.4802 (148.8s)
[fold 1] epoch 25: loss=0.6586 val_loss=0.4837 (150.7s)
[fold 1] epoch 26: loss=0.6546 val_loss=0.4738 (146.0s)
[fold 1] epoch 27: loss=0.6499 val_loss=0.4750 (145.2s)
[fold 1] epoch 28: loss=0.6465 val_loss=0.4700 (144.7s)
[fold 1] epoch 29: loss=0.6435 val_loss=0.4684 (146.7s)
[fold 1] epoch 30: loss=0.6406 val_loss=0.4664 (146.7s)
[fold 1] epoch 31: loss=0.6369 val_loss=0.4629 (145.3s)
[fold 1] epoch 32: loss=0.6348 val_loss=0.4692 (147.5s)
[fold 1] epoch 33: loss=0.6320 val_loss=0.4609 (146.4s)
[fold 1] epoch 34: loss=0.6296 val_loss=0.4639 (145.0s)
[fold 1] epoch 35: loss=0.6274 val_loss=0.4628 (147.0s)
[fold 1] epoch 36: loss=0.6255 val_loss=0.4554 (144.3s)
[fold 1] epoch 37: loss=0.6262 val_loss=0.4582 (146.0s)
[fold 1] epoch 38: loss=0.6223 val_loss=0.4551 (145.5s)
[fold 1] epoch 39: loss=0.6200 val_loss=0.4539 (145.4s)
[fold 1] epoch 40: loss=0.6180 val_loss=0.4514 (144.8s)
[fold 1] epoch 41: loss=0.6165 val_loss=0.4525 (144.8s)
[fold 1] epoch 42: loss=0.6152 val_loss=0.4517 (143.9s)
[fold 1] epoch 43: loss=0.6137 val_loss=0.4513 (145.1s)
[fold 1] epoch 44: loss=0.6124 val_loss=0.4520 (145.7s)
[fold 1] epoch 45: loss=0.6112 val_loss=0.4478 (144.4s)
[fold 1] epoch 46: loss=0.6105 val_loss=0.4497 (144.2s)
[fold 1] epoch 47: loss=0.6091 val_loss=0.4483 (147.1s)
[fold 1] epoch 48: loss=0.6081 val_loss=0.4494 (144.5s)
[fold 1] epoch 49: loss=0.6074 val_loss=0.4453 (152.3s)
[fold 1] epoch 50: loss=0.6069 val_loss=0.4458 (144.5s)
[fold 1] epoch 51: loss=0.6060 val_loss=0.4451 (145.5s)
[fold 1] epoch 52: loss=0.6052 val_loss=0.4449 (147.1s)
[fold 1] epoch 53: loss=0.6047 val_loss=0.4439 (145.1s)
[fold 1] epoch 54: loss=0.6045 val_loss=0.4453 (143.3s)
[fold 1] epoch 55: loss=0.6042 val_loss=0.4447 (147.0s)
[fold 1] epoch 56: loss=0.6036 val_loss=0.4452 (146.9s)
[fold 1] epoch 57: loss=0.6037 val_loss=0.4444 (146.4s)
[fold 1] epoch 58: loss=0.6034 val_loss=0.4449 (145.7s)
[fold 1] epoch 59: loss=0.6033 val_loss=0.4447 (144.4s)
[fold 1] epoch 60: loss=0.6064 val_loss=0.4655 (144.7s)
[fold 1] epoch 61: loss=0.6167 val_loss=0.4522 (144.3s)
[fold 1] epoch 62: loss=0.6136 val_loss=0.4443 (146.2s)
[fold 1] epoch 63: loss=0.6120 val_loss=0.4493 (144.8s)
[fold 1] epoch 64: loss=0.6107 val_loss=0.4510 (144.3s)
[fold 1] epoch 65: loss=0.6090 val_loss=0.4470 (144.6s)
[fold 1] epoch 66: loss=0.6070 val_loss=0.4445 (145.3s)
[fold 1] epoch 67: loss=0.6180 val_loss=0.4608 (145.3s)
[fold 1] epoch 68: loss=0.6117 val_loss=0.4467 (146.7s)
[fold 1] epoch 69: loss=0.6047 val_loss=0.4437 (148.4s)
[fold 1] epoch 70: loss=0.6031 val_loss=0.4449 (146.2s)
[fold 1] epoch 71: loss=0.6022 val_loss=0.4422 (146.2s)
[fold 1] epoch 72: loss=0.6001 val_loss=0.4416 (147.2s)
[fold 1] epoch 73: loss=0.5985 val_loss=0.4424 (146.6s)
[fold 1] epoch 74: loss=0.5969 val_loss=0.4429 (151.6s)
[fold 1] epoch 75: loss=0.5968 val_loss=0.4401 (147.0s)
[fold 1] epoch 76: loss=0.5953 val_loss=0.4354 (147.8s)
[fold 1] epoch 77: loss=0.5938 val_loss=0.4410 (147.6s)
[fold 1] epoch 78: loss=0.5928 val_loss=0.4421 (145.9s)
[fold 1] epoch 79: loss=0.5918 val_loss=0.4360 (144.4s)
[fold 1] epoch 80: loss=0.5911 val_loss=0.4388 (145.7s)
[fold 1] epoch 81: loss=0.5908 val_loss=0.4369 (145.7s)
[fold 1] epoch 82: loss=0.5893 val_loss=0.4328 (149.9s)
[fold 1] epoch 83: loss=0.5875 val_loss=0.4336 (145.1s)
[fold 1] epoch 84: loss=0.5866 val_loss=0.4325 (145.4s)
[fold 1] epoch 85: loss=0.5860 val_loss=0.4366 (147.1s)
[fold 1] epoch 86: loss=0.5850 val_loss=0.4366 (145.4s)
[fold 1] epoch 87: loss=0.5838 val_loss=0.4345 (145.6s)
[fold 1] epoch 88: loss=0.5835 val_loss=0.4344 (145.8s)
[fold 1] epoch 89: loss=0.5824 val_loss=0.4347 (145.3s)
[fold 1] epoch 90: loss=0.5820 val_loss=0.4303 (145.4s)
[fold 1] epoch 91: loss=0.5801 val_loss=0.4309 (145.1s)
[fold 1] epoch 92: loss=0.5794 val_loss=0.4313 (146.2s)
[fold 1] epoch 93: loss=0.5796 val_loss=0.4270 (146.6s)
[fold 1] epoch 94: loss=0.5777 val_loss=0.4294 (144.7s)
[fold 1] epoch 95: loss=0.5771 val_loss=0.4297 (144.9s)
[fold 1] epoch 96: loss=0.5770 val_loss=0.4258 (145.3s)
[fold 1] epoch 97: loss=0.5757 val_loss=0.4289 (144.2s)
[fold 1] epoch 98: loss=0.5749 val_loss=0.4231 (145.5s)
[fold 1] epoch 99: loss=0.5740 val_loss=0.4249 (144.5s)
[fold 1] epoch 100: loss=0.5735 val_loss=0.4320 (147.2s)
[fold 1] validation accuracy: 0.7824
[fold 1] done in 266.8 min. macro-recall=0.5476

======================================================================
FOLD 2/5
======================================================================
[fold 2] resampling training fold (1789093 rows)...
[fold 2] resampled 1789093 -> 2119309 rows in 1038.1s (ADASYN fallback to RandomOverSampler for classes [18, 19])
[fold 2] training on 2119309 rows...
W0000 00:00:1786889636.563566    2862 bfc_allocator.cc:311] Allocator (GPU_0_bfc) ran out of memory trying to allocate 4.61GiB with freed_by_count=0. The caller indicates that this is not a failure, but this may mean that there could be performance gains if more memory were available.
[fold 2] epoch 1: loss=1.2261 val_loss=1.3612 (150.2s)
[fold 2] epoch 2: loss=0.9374 val_loss=0.6900 (143.6s)
[fold 2] epoch 3: loss=0.9087 val_loss=0.6566 (143.3s)
[fold 2] epoch 4: loss=0.8357 val_loss=0.5886 (143.6s)
[fold 2] epoch 5: loss=0.7868 val_loss=0.5613 (143.8s)
[fold 2] epoch 6: loss=0.7634 val_loss=0.5478 (144.2s)
[fold 2] epoch 7: loss=0.7463 val_loss=0.5391 (143.2s)
[fold 2] epoch 8: loss=0.7339 val_loss=0.5298 (143.1s)
[fold 2] epoch 9: loss=0.7235 val_loss=0.5254 (142.7s)
[fold 2] epoch 10: loss=0.7152 val_loss=0.5193 (146.0s)
[fold 2] epoch 11: loss=0.7085 val_loss=0.5157 (146.0s)
[fold 2] epoch 12: loss=0.7036 val_loss=0.5109 (144.4s)
[fold 2] epoch 13: loss=0.6985 val_loss=0.5125 (143.7s)
[fold 2] epoch 14: loss=0.6947 val_loss=0.5086 (143.8s)
[fold 2] epoch 15: loss=0.6917 val_loss=0.5066 (143.1s)
[fold 2] epoch 16: loss=0.6897 val_loss=0.5066 (141.8s)
[fold 2] epoch 17: loss=0.6887 val_loss=0.5048 (142.6s)
[fold 2] epoch 18: loss=0.6877 val_loss=0.5043 (142.8s)
[fold 2] epoch 19: loss=0.6870 val_loss=0.5044 (142.7s)
[fold 2] epoch 20: loss=0.6881 val_loss=0.5158 (144.7s)
[fold 2] epoch 21: loss=0.6941 val_loss=0.5055 (177.2s)
[fold 2] epoch 22: loss=0.6869 val_loss=0.5023 (138.9s)
[fold 2] epoch 23: loss=0.6775 val_loss=0.4946 (152.7s)
[fold 2] epoch 24: loss=0.6694 val_loss=0.4892 (143.5s)
[fold 2] epoch 25: loss=0.6637 val_loss=0.4901 (152.3s)
[fold 2] epoch 26: loss=0.6586 val_loss=0.4816 (144.0s)
[fold 2] epoch 27: loss=0.6537 val_loss=0.4836 (145.3s)
[fold 2] epoch 28: loss=0.6485 val_loss=0.4774 (143.9s)
[fold 2] epoch 29: loss=0.6447 val_loss=0.4749 (146.0s)
[fold 2] epoch 30: loss=0.6416 val_loss=0.4747 (145.2s)
[fold 2] epoch 31: loss=0.6380 val_loss=0.4731 (146.0s)
[fold 2] epoch 32: loss=0.6352 val_loss=0.4735 (144.6s)
[fold 2] epoch 33: loss=0.6317 val_loss=0.4666 (146.3s)
[fold 2] epoch 34: loss=0.6287 val_loss=0.4658 (146.4s)
[fold 2] epoch 35: loss=0.6264 val_loss=0.4617 (146.6s)
[fold 2] epoch 36: loss=0.6246 val_loss=0.4639 (147.1s)
[fold 2] epoch 37: loss=0.6219 val_loss=0.4598 (147.7s)
[fold 2] epoch 38: loss=0.6196 val_loss=0.4605 (148.0s)
[fold 2] epoch 39: loss=0.6176 val_loss=0.4603 (155.6s)
[fold 2] epoch 40: loss=0.6153 val_loss=0.4573 (160.9s)
[fold 2] epoch 41: loss=0.6136 val_loss=0.4565 (146.0s)
[fold 2] epoch 42: loss=0.6118 val_loss=0.4552 (146.7s)
[fold 2] epoch 43: loss=0.6106 val_loss=0.4539 (146.7s)
[fold 2] epoch 44: loss=0.6089 val_loss=0.4556 (152.8s)
[fold 2] epoch 45: loss=0.6078 val_loss=0.4513 (146.7s)
[fold 2] epoch 46: loss=0.6062 val_loss=0.4514 (144.9s)
[fold 2] epoch 47: loss=0.6048 val_loss=0.4533 (147.0s)
[fold 2] epoch 48: loss=0.6038 val_loss=0.4516 (146.1s)
[fold 2] epoch 49: loss=0.6033 val_loss=0.4494 (145.2s)
[fold 2] epoch 50: loss=0.6022 val_loss=0.4493 (144.4s)
[fold 2] epoch 51: loss=0.6013 val_loss=0.4479 (159.3s)
[fold 2] epoch 52: loss=0.6002 val_loss=0.4480 (142.9s)
[fold 2] epoch 53: loss=0.5998 val_loss=0.4470 (146.7s)
[fold 2] epoch 54: loss=0.5996 val_loss=0.4468 (145.7s)
[fold 2] epoch 55: loss=0.5994 val_loss=0.4475 (152.2s)
[fold 2] epoch 56: loss=0.5989 val_loss=0.4477 (145.5s)
[fold 2] epoch 57: loss=0.5986 val_loss=0.4464 (160.8s)
[fold 2] epoch 58: loss=0.5984 val_loss=0.4468 (147.8s)
[fold 2] epoch 59: loss=0.5985 val_loss=0.4468 (146.7s)
[fold 2] epoch 60: loss=0.6011 val_loss=0.4575 (148.1s)
[fold 2] epoch 61: loss=0.6111 val_loss=0.4617 (148.7s)
[fold 2] epoch 62: loss=0.6090 val_loss=0.4526 (148.6s)
[fold 2] epoch 63: loss=0.6055 val_loss=0.4469 (147.0s)
[fold 2] epoch 64: loss=0.6079 val_loss=0.4511 (146.6s)
[fold 2] epoch 65: loss=0.6017 val_loss=0.4494 (146.7s)
[fold 2] epoch 66: loss=0.6010 val_loss=0.4504 (147.3s)
[fold 2] epoch 67: loss=0.5985 val_loss=0.4479 (147.2s)
[fold 2] epoch 68: loss=0.5968 val_loss=0.4453 (147.0s)
[fold 2] epoch 69: loss=0.5950 val_loss=0.4451 (146.4s)
[fold 2] epoch 70: loss=0.5940 val_loss=0.4446 (147.8s)
[fold 2] epoch 71: loss=0.5933 val_loss=0.4426 (147.7s)
[fold 2] epoch 72: loss=0.5909 val_loss=0.4438 (147.0s)
[fold 2] epoch 73: loss=0.5902 val_loss=0.4392 (148.1s)
[fold 2] epoch 74: loss=0.5966 val_loss=0.4473 (148.7s)
[fold 2] epoch 75: loss=0.5917 val_loss=0.4424 (147.7s)
[fold 2] epoch 76: loss=0.5878 val_loss=0.4377 (146.7s)
[fold 2] epoch 77: loss=0.5863 val_loss=0.4374 (152.9s)
[fold 2] epoch 78: loss=0.5849 val_loss=0.4361 (147.0s)
[fold 2] epoch 79: loss=0.5833 val_loss=0.4382 (147.0s)
[fold 2] epoch 80: loss=0.5821 val_loss=0.4368 (147.4s)
[fold 2] epoch 81: loss=0.5808 val_loss=0.4421 (146.7s)
[fold 2] epoch 82: loss=0.5798 val_loss=0.4337 (148.5s)
[fold 2] epoch 83: loss=0.5784 val_loss=0.4367 (149.0s)
[fold 2] epoch 84: loss=0.5780 val_loss=0.4337 (148.7s)
[fold 2] epoch 85: loss=0.5770 val_loss=0.4361 (147.3s)
[fold 2] epoch 86: loss=0.5756 val_loss=0.4336 (147.5s)
[fold 2] epoch 87: loss=0.5743 val_loss=0.4301 (148.1s)
[fold 2] epoch 88: loss=0.5742 val_loss=0.4280 (147.9s)
[fold 2] epoch 89: loss=0.5735 val_loss=0.4292 (148.0s)
[fold 2] epoch 90: loss=0.5726 val_loss=0.4288 (148.5s)
[fold 2] epoch 91: loss=0.5712 val_loss=0.4297 (155.2s)
[fold 2] epoch 92: loss=0.5699 val_loss=0.4293 (170.9s)
[fold 2] epoch 93: loss=0.5692 val_loss=0.4256 (155.4s)
[fold 2] epoch 94: loss=0.5688 val_loss=0.4248 (155.7s)
[fold 2] epoch 95: loss=0.5674 val_loss=0.4301 (153.1s)
[fold 2] epoch 96: loss=0.5671 val_loss=0.4261 (153.2s)
[fold 2] epoch 97: loss=0.5658 val_loss=0.4254 (152.7s)
[fold 2] epoch 98: loss=0.5654 val_loss=0.4272 (149.0s)
[fold 2] epoch 99: loss=0.5647 val_loss=0.4266 (148.5s)
[fold 2] epoch 100: loss=0.5649 val_loss=0.4229 (147.7s)
[fold 2] validation accuracy: 0.7824
[fold 2] done in 264.1 min. macro-recall=0.5521

======================================================================
FOLD 3/5
======================================================================
[fold 3] resampling training fold (1789094 rows)...
[fold 3] resampled 1789094 -> 2119406 rows in 1176.5s (ADASYN fallback to RandomOverSampler for classes [18, 19])
[fold 3] training on 2119406 rows...
W0000 00:00:1786905631.924659    2875 bfc_allocator.cc:311] Allocator (GPU_0_bfc) ran out of memory trying to allocate 4.69GiB with freed_by_count=0. The caller indicates that this is not a failure, but this may mean that there could be performance gains if more memory were available.
[fold 3] epoch 1: loss=1.2207 val_loss=1.2525 (166.1s)
[fold 3] epoch 2: loss=0.9041 val_loss=0.6753 (156.3s)
[fold 3] epoch 3: loss=0.8312 val_loss=0.5888 (158.2s)
[fold 3] epoch 4: loss=0.7887 val_loss=0.5687 (158.1s)
[fold 3] epoch 5: loss=0.7667 val_loss=0.5638 (159.1s)
[fold 3] epoch 6: loss=0.7454 val_loss=0.5664 (159.0s)
[fold 3] epoch 7: loss=0.7322 val_loss=0.5288 (161.0s)
[fold 3] epoch 8: loss=0.7191 val_loss=0.5206 (155.9s)
[fold 3] epoch 9: loss=0.7115 val_loss=0.5159 (156.7s)
[fold 3] epoch 10: loss=0.7028 val_loss=0.5112 (156.1s)
[fold 3] epoch 11: loss=0.6995 val_loss=0.5077 (156.3s)
[fold 3] epoch 12: loss=0.6929 val_loss=0.5045 (175.8s)
[fold 3] epoch 13: loss=0.6889 val_loss=0.5040 (249.8s)
[fold 3] epoch 14: loss=0.6858 val_loss=0.5010 (252.4s)
[fold 3] epoch 15: loss=0.6841 val_loss=0.4997 (245.4s)
[fold 3] epoch 16: loss=0.6814 val_loss=0.4977 (246.3s)
[fold 3] epoch 17: loss=0.6803 val_loss=0.4964 (247.2s)
[fold 3] epoch 18: loss=0.6790 val_loss=0.4969 (247.1s)
[fold 3] epoch 19: loss=0.6789 val_loss=0.4963 (247.9s)
[fold 3] epoch 20: loss=0.6791 val_loss=0.5574 (246.5s)
[fold 3] epoch 21: loss=0.6951 val_loss=0.5040 (248.1s)
[fold 3] epoch 22: loss=0.6811 val_loss=0.4937 (248.6s)
[fold 3] epoch 23: loss=0.6753 val_loss=0.4947 (247.4s)
[fold 3] epoch 24: loss=0.6695 val_loss=0.4893 (246.4s)
[fold 3] epoch 25: loss=0.6648 val_loss=0.4908 (251.6s)
[fold 3] epoch 26: loss=0.6613 val_loss=0.4884 (243.4s)
[fold 3] epoch 27: loss=0.6577 val_loss=0.4822 (250.7s)
[fold 3] epoch 28: loss=0.6535 val_loss=0.4748 (246.4s)
[fold 3] epoch 29: loss=0.6510 val_loss=0.4843 (243.4s)
[fold 3] epoch 30: loss=0.6503 val_loss=0.4740 (249.2s)
[fold 3] epoch 31: loss=0.6436 val_loss=0.4707 (248.9s)
[fold 3] epoch 32: loss=0.6410 val_loss=0.4750 (248.1s)
[fold 3] epoch 33: loss=0.6391 val_loss=0.4676 (252.9s)
[fold 3] epoch 34: loss=0.6368 val_loss=0.4703 (247.6s)
[fold 3] epoch 35: loss=0.6338 val_loss=0.4677 (250.8s)
[fold 3] epoch 36: loss=0.6321 val_loss=0.4653 (249.3s)
[fold 3] epoch 37: loss=0.6296 val_loss=0.4627 (247.9s)
[fold 3] epoch 38: loss=0.6278 val_loss=0.4615 (247.5s)
[fold 3] epoch 39: loss=0.6255 val_loss=0.4595 (254.9s)
[fold 3] epoch 40: loss=0.6237 val_loss=0.4572 (248.5s)
[fold 3] epoch 41: loss=0.6222 val_loss=0.4576 (253.9s)
[fold 3] epoch 42: loss=0.6206 val_loss=0.4590 (253.7s)
[fold 3] epoch 43: loss=0.6213 val_loss=0.4579 (252.8s)
[fold 3] epoch 44: loss=0.6181 val_loss=0.4564 (249.9s)
[fold 3] epoch 45: loss=0.6167 val_loss=0.4545 (245.2s)
[fold 3] epoch 46: loss=0.6154 val_loss=0.4554 (248.3s)
[fold 3] epoch 47: loss=0.6147 val_loss=0.4540 (248.8s)
[fold 3] epoch 48: loss=0.6140 val_loss=0.4512 (247.9s)
[fold 3] epoch 49: loss=0.6123 val_loss=0.4520 (247.6s)
[fold 3] epoch 50: loss=0.6124 val_loss=0.4524 (251.9s)
[fold 3] epoch 51: loss=0.6112 val_loss=0.4517 (255.7s)
[fold 3] epoch 52: loss=0.6109 val_loss=0.4512 (252.4s)
[fold 3] epoch 53: loss=0.6102 val_loss=0.4499 (248.5s)
[fold 3] epoch 54: loss=0.6095 val_loss=0.4503 (247.4s)
[fold 3] epoch 55: loss=0.6095 val_loss=0.4498 (245.7s)
[fold 3] epoch 56: loss=0.6094 val_loss=0.4504 (246.3s)
[fold 3] epoch 57: loss=0.6089 val_loss=0.4495 (243.5s)
[fold 3] epoch 58: loss=0.6084 val_loss=0.4495 (247.2s)
[fold 3] epoch 59: loss=0.6085 val_loss=0.4496 (247.9s)
[fold 3] epoch 60: loss=0.6121 val_loss=0.4543 (245.7s)
[fold 3] epoch 61: loss=0.6248 val_loss=0.4564 (246.2s)
[fold 3] epoch 62: loss=0.6193 val_loss=0.4556 (247.1s)
[fold 3] epoch 63: loss=0.6173 val_loss=0.4528 (253.6s)
[fold 3] epoch 64: loss=0.6165 val_loss=0.4540 (247.5s)
[fold 3] epoch 65: loss=0.6138 val_loss=0.4530 (248.5s)
[fold 3] epoch 66: loss=0.6117 val_loss=0.4507 (245.4s)
[fold 3] epoch 67: loss=0.6103 val_loss=0.4524 (250.6s)
[fold 3] epoch 68: loss=0.6113 val_loss=0.4510 (250.3s)
[fold 3] epoch 69: loss=0.6079 val_loss=0.4461 (246.1s)
[fold 3] epoch 70: loss=0.6064 val_loss=0.4440 (244.7s)
[fold 3] epoch 71: loss=0.6051 val_loss=0.4482 (243.1s)
[fold 3] epoch 72: loss=0.6043 val_loss=0.4452 (184.4s)
[fold 3] epoch 73: loss=0.6031 val_loss=0.4452 (179.4s)
[fold 3] epoch 74: loss=0.6032 val_loss=0.4435 (176.4s)
[fold 3] epoch 75: loss=0.6000 val_loss=0.4458 (173.5s)
[fold 3] epoch 76: loss=0.5996 val_loss=0.4429 (175.9s)
[fold 3] epoch 77: loss=0.5982 val_loss=0.4438 (176.0s)
[fold 3] epoch 78: loss=0.5976 val_loss=0.4446 (212.4s)
[fold 3] epoch 79: loss=0.5964 val_loss=0.4429 (237.6s)
[fold 3] epoch 80: loss=0.5955 val_loss=0.4406 (233.4s)
[fold 3] epoch 81: loss=0.5942 val_loss=0.4480 (233.0s)
[fold 3] epoch 82: loss=0.5989 val_loss=0.4410 (235.2s)
[fold 3] epoch 83: loss=0.5921 val_loss=0.4420 (234.2s)
[fold 3] epoch 84: loss=0.5910 val_loss=0.4367 (235.3s)
